<?xml version="1.0"?>
<link_info>
   <banner>TI ARM Linker PC v15.12.3.LTS</banner>
   <copyright>Copyright (c) 1996-2015 Texas Instruments Incorporated</copyright>
   <link_time>0x587bf1cd</link_time>
   <link_errors>0x0</link_errors>
   <output_file>qei_test.out</output_file>
   <entry_point>
      <name>_c_int00</name>
      <address>0x2d99</address>
   </entry_point>
   <input_file_list>
      <input_file id="fl-2">
         <path>.\</path>
         <kind>object</kind>
         <file>cpu.obj</file>
         <name>cpu.obj</name>
      </input_file>
      <input_file id="fl-3">
         <path>.\</path>
         <kind>object</kind>
         <file>flash.obj</file>
         <name>flash.obj</name>
      </input_file>
      <input_file id="fl-4">
         <path>.\</path>
         <kind>object</kind>
         <file>gpio.obj</file>
         <name>gpio.obj</name>
      </input_file>
      <input_file id="fl-5">
         <path>.\</path>
         <kind>object</kind>
         <file>interrupt.obj</file>
         <name>interrupt.obj</name>
      </input_file>
      <input_file id="fl-6">
         <path>.\</path>
         <kind>object</kind>
         <file>main.obj</file>
         <name>main.obj</name>
      </input_file>
      <input_file id="fl-7">
         <path>.\</path>
         <kind>object</kind>
         <file>pwm.obj</file>
         <name>pwm.obj</name>
      </input_file>
      <input_file id="fl-8">
         <path>.\</path>
         <kind>object</kind>
         <file>qei.obj</file>
         <name>qei.obj</name>
      </input_file>
      <input_file id="fl-9">
         <path>.\</path>
         <kind>object</kind>
         <file>sysctl.obj</file>
         <name>sysctl.obj</name>
      </input_file>
      <input_file id="fl-a">
         <path>.\</path>
         <kind>object</kind>
         <file>tm4c123gh6pm_startup_ccs.obj</file>
         <name>tm4c123gh6pm_startup_ccs.obj</name>
      </input_file>
      <input_file id="fl-c4">
         <path>C:\ti\ccsv6\tools\compiler\arm_15.12.3.LTS\lib\</path>
         <kind>archive</kind>
         <file>rtsv7M4_T_le_v4SPD16_eabi.lib</file>
         <name>boot.obj</name>
      </input_file>
      <input_file id="fl-c5">
         <path>C:\ti\ccsv6\tools\compiler\arm_15.12.3.LTS\lib\</path>
         <kind>archive</kind>
         <file>rtsv7M4_T_le_v4SPD16_eabi.lib</file>
         <name>copy_decompress_none.obj</name>
      </input_file>
      <input_file id="fl-c6">
         <path>C:\ti\ccsv6\tools\compiler\arm_15.12.3.LTS\lib\</path>
         <kind>archive</kind>
         <file>rtsv7M4_T_le_v4SPD16_eabi.lib</file>
         <name>copy_decompress_rle.obj</name>
      </input_file>
      <input_file id="fl-c7">
         <path>C:\ti\ccsv6\tools\compiler\arm_15.12.3.LTS\lib\</path>
         <kind>archive</kind>
         <file>rtsv7M4_T_le_v4SPD16_eabi.lib</file>
         <name>copy_zero_init.obj</name>
      </input_file>
      <input_file id="fl-c8">
         <path>C:\ti\ccsv6\tools\compiler\arm_15.12.3.LTS\lib\</path>
         <kind>archive</kind>
         <file>rtsv7M4_T_le_v4SPD16_eabi.lib</file>
         <name>exit.obj</name>
      </input_file>
      <input_file id="fl-c9">
         <path>C:\ti\ccsv6\tools\compiler\arm_15.12.3.LTS\lib\</path>
         <kind>archive</kind>
         <file>rtsv7M4_T_le_v4SPD16_eabi.lib</file>
         <name>memcpy_t2.obj</name>
      </input_file>
      <input_file id="fl-ca">
         <path>C:\ti\ccsv6\tools\compiler\arm_15.12.3.LTS\lib\</path>
         <kind>archive</kind>
         <file>rtsv7M4_T_le_v4SPD16_eabi.lib</file>
         <name>memset_t2.obj</name>
      </input_file>
      <input_file id="fl-cb">
         <path>C:\ti\ccsv6\tools\compiler\arm_15.12.3.LTS\lib\</path>
         <kind>archive</kind>
         <file>rtsv7M4_T_le_v4SPD16_eabi.lib</file>
         <name>mpu_init.obj</name>
      </input_file>
      <input_file id="fl-cc">
         <path>C:\ti\ccsv6\tools\compiler\arm_15.12.3.LTS\lib\</path>
         <kind>archive</kind>
         <file>rtsv7M4_T_le_v4SPD16_eabi.lib</file>
         <name>pre_init.obj</name>
      </input_file>
      <input_file id="fl-cd">
         <path>C:\ti\ccsv6\tools\compiler\arm_15.12.3.LTS\lib\</path>
         <kind>archive</kind>
         <file>rtsv7M4_T_le_v4SPD16_eabi.lib</file>
         <name>stkdepth_vars.obj</name>
      </input_file>
      <input_file id="fl-ce">
         <path>C:\ti\ccsv6\tools\compiler\arm_15.12.3.LTS\lib\</path>
         <kind>archive</kind>
         <file>rtsv7M4_T_le_v4SPD16_eabi.lib</file>
         <name>_lock.obj</name>
      </input_file>
      <input_file id="fl-cf">
         <path>C:\ti\ccsv6\tools\compiler\arm_15.12.3.LTS\lib\</path>
         <kind>archive</kind>
         <file>rtsv7M4_T_le_v4SPD16_eabi.lib</file>
         <name>args_main.obj</name>
      </input_file>
      <input_file id="fl-d0">
         <path>C:\ti\ccsv6\tools\compiler\arm_15.12.3.LTS\lib\</path>
         <kind>archive</kind>
         <file>rtsv7M4_T_le_v4SPD16_eabi.lib</file>
         <name>autoinit.obj</name>
      </input_file>
      <input_file id="fl-d1">
         <path>C:\ti\ccsv6\tools\compiler\arm_15.12.3.LTS\lib\</path>
         <kind>archive</kind>
         <file>rtsv7M4_T_le_v4SPD16_eabi.lib</file>
         <name>cpy_tbl.obj</name>
      </input_file>
      <input_file id="fl-d2">
         <path>C:\ti\ccsv6\tools\compiler\arm_15.12.3.LTS\lib\</path>
         <kind>archive</kind>
         <file>rtsv7M4_T_le_v4SPD16_eabi.lib</file>
         <name>startup.obj</name>
      </input_file>
   </input_file_list>
   <object_component_list>
      <object_component id="oc-f">
         <name>.intvecs</name>
         <load_address>0x0</load_address>
         <run_address>0x0</run_address>
         <size>0x26c</size>
         <input_file_ref idref="fl-a"/>
      </object_component>
      <object_component id="oc-cd">
         <name>.text</name>
         <load_address>0x26c</load_address>
         <run_address>0x26c</run_address>
         <size>0xf68</size>
         <input_file_ref idref="fl-9"/>
      </object_component>
      <object_component id="oc-d3">
         <name>.text</name>
         <load_address>0x11d4</load_address>
         <run_address>0x11d4</run_address>
         <size>0xb50</size>
         <input_file_ref idref="fl-4"/>
      </object_component>
      <object_component id="oc-d9">
         <name>.text</name>
         <load_address>0x1d24</load_address>
         <run_address>0x1d24</run_address>
         <size>0x718</size>
         <input_file_ref idref="fl-7"/>
      </object_component>
      <object_component id="oc-10f">
         <name>.text</name>
         <load_address>0x243c</load_address>
         <run_address>0x243c</run_address>
         <size>0x3c0</size>
         <input_file_ref idref="fl-5"/>
      </object_component>
      <object_component id="oc-df">
         <name>.text</name>
         <load_address>0x27fc</load_address>
         <run_address>0x27fc</run_address>
         <size>0x244</size>
         <input_file_ref idref="fl-8"/>
      </object_component>
      <object_component id="oc-ab">
         <name>.text</name>
         <load_address>0x2a40</load_address>
         <run_address>0x2a40</run_address>
         <size>0x164</size>
         <input_file_ref idref="fl-6"/>
      </object_component>
      <object_component id="oc-34">
         <name>.text</name>
         <load_address>0x2ba4</load_address>
         <run_address>0x2ba4</run_address>
         <size>0x9c</size>
         <input_file_ref idref="fl-c9"/>
      </object_component>
      <object_component id="oc-4d">
         <name>.text</name>
         <load_address>0x2c40</load_address>
         <run_address>0x2c40</run_address>
         <size>0x7a</size>
         <input_file_ref idref="fl-ca"/>
      </object_component>
      <object_component id="oc-59">
         <name>.text</name>
         <load_address>0x2cba</load_address>
         <run_address>0x2cba</run_address>
         <size>0x2</size>
         <input_file_ref idref="fl-cb"/>
      </object_component>
      <object_component id="oc-65">
         <name>.text</name>
         <load_address>0x2cbc</load_address>
         <run_address>0x2cbc</run_address>
         <size>0x70</size>
         <input_file_ref idref="fl-d0"/>
      </object_component>
      <object_component id="oc-40">
         <name>.text</name>
         <load_address>0x2d2c</load_address>
         <run_address>0x2d2c</run_address>
         <size>0x6a</size>
         <input_file_ref idref="fl-c6"/>
      </object_component>
      <object_component id="oc-a3">
         <name>.text</name>
         <load_address>0x2d96</load_address>
         <run_address>0x2d96</run_address>
         <size>0x2</size>
         <input_file_ref idref="fl-d2"/>
      </object_component>
      <object_component id="oc-24">
         <name>.text</name>
         <load_address>0x2d98</load_address>
         <run_address>0x2d98</run_address>
         <size>0x54</size>
         <input_file_ref idref="fl-c4"/>
      </object_component>
      <object_component id="oc-71">
         <name>.text</name>
         <load_address>0x2dec</load_address>
         <run_address>0x2dec</run_address>
         <size>0x54</size>
         <input_file_ref idref="fl-c8"/>
      </object_component>
      <object_component id="oc-9d">
         <name>.text</name>
         <load_address>0x2e40</load_address>
         <run_address>0x2e40</run_address>
         <size>0x4c</size>
         <input_file_ref idref="fl-d1"/>
      </object_component>
      <object_component id="oc-115">
         <name>.text</name>
         <load_address>0x2e8c</load_address>
         <run_address>0x2e8c</run_address>
         <size>0x3e</size>
         <input_file_ref idref="fl-2"/>
      </object_component>
      <object_component id="oc-6b">
         <name>.text</name>
         <load_address>0x2ecc</load_address>
         <run_address>0x2ecc</run_address>
         <size>0x18</size>
         <input_file_ref idref="fl-cf"/>
      </object_component>
      <object_component id="oc-f9">
         <name>.text</name>
         <load_address>0x2ee4</load_address>
         <run_address>0x2ee4</run_address>
         <size>0x14</size>
         <input_file_ref idref="fl-ce"/>
      </object_component>
      <object_component id="oc-12">
         <name>.text:decompress:none</name>
         <load_address>0x2ef8</load_address>
         <run_address>0x2ef8</run_address>
         <size>0xe</size>
         <input_file_ref idref="fl-c5"/>
      </object_component>
      <object_component id="oc-2b">
         <name>.text</name>
         <load_address>0x2f06</load_address>
         <run_address>0x2f06</run_address>
         <size>0xc</size>
         <input_file_ref idref="fl-a"/>
      </object_component>
      <object_component id="oc-e5">
         <name>.text:SysCtlDelay</name>
         <load_address>0x2f12</load_address>
         <run_address>0x2f12</run_address>
         <size>0x6</size>
         <input_file_ref idref="fl-9"/>
      </object_component>
      <object_component id="oc-18">
         <name>.text:decompress:rle24</name>
         <load_address>0x2f18</load_address>
         <run_address>0x2f18</run_address>
         <size>0x6</size>
         <input_file_ref idref="fl-c6"/>
      </object_component>
      <object_component id="oc-5f">
         <name>.text</name>
         <load_address>0x2f1e</load_address>
         <run_address>0x2f1e</run_address>
         <size>0x4</size>
         <input_file_ref idref="fl-cc"/>
      </object_component>
      <object_component id="oc-121">
         <name>.const:g_pppui32XTALtoVCO</name>
         <load_address>0x2f24</load_address>
         <run_address>0x2f24</run_address>
         <size>0x1b0</size>
         <input_file_ref idref="fl-9"/>
      </object_component>
      <object_component id="oc-126">
         <name>.const:g_ppui32GPIOIntMapBlizzard</name>
         <load_address>0x30d4</load_address>
         <run_address>0x30d4</run_address>
         <size>0xc0</size>
         <input_file_ref idref="fl-4"/>
      </object_component>
      <object_component id="oc-12c">
         <name>.const:g_ppui32GPIOIntMapSnowflake</name>
         <load_address>0x3194</load_address>
         <run_address>0x3194</run_address>
         <size>0xc0</size>
         <input_file_ref idref="fl-4"/>
      </object_component>
      <object_component id="oc-145">
         <name>.const:g_pui32Regs</name>
         <load_address>0x3254</load_address>
         <run_address>0x3254</run_address>
         <size>0x9c</size>
         <input_file_ref idref="fl-5"/>
      </object_component>
      <object_component id="oc-12f">
         <name>.const:g_pui32GPIOBaseAddrs</name>
         <load_address>0x32f0</load_address>
         <run_address>0x32f0</run_address>
         <size>0x90</size>
         <input_file_ref idref="fl-4"/>
      </object_component>
      <object_component id="oc-11b">
         <name>.const:g_pui32Xtals</name>
         <load_address>0x3380</load_address>
         <run_address>0x3380</run_address>
         <size>0x6c</size>
         <input_file_ref idref="fl-9"/>
      </object_component>
      <object_component id="oc-10c">
         <name>.const:g_sXTALtoMEMTIM</name>
         <load_address>0x33ec</load_address>
         <run_address>0x33ec</run_address>
         <size>0x30</size>
         <input_file_ref idref="fl-9"/>
      </object_component>
      <object_component id="oc-142">
         <name>.const:g_pui32Priority</name>
         <load_address>0x341c</load_address>
         <run_address>0x341c</run_address>
         <size>0x20</size>
         <input_file_ref idref="fl-5"/>
      </object_component>
      <object_component id="oc-14b">
         <name>.const:g_pui32Dii16Regs</name>
         <load_address>0x343c</load_address>
         <run_address>0x343c</run_address>
         <size>0x14</size>
         <input_file_ref idref="fl-5"/>
      </object_component>
      <object_component id="oc-148">
         <name>.const:g_pui32EnRegs</name>
         <load_address>0x3450</load_address>
         <run_address>0x3450</run_address>
         <size>0x14</size>
         <input_file_ref idref="fl-5"/>
      </object_component>
      <object_component id="oc-14e">
         <name>.const:g_pui32PendRegs</name>
         <load_address>0x3464</load_address>
         <run_address>0x3464</run_address>
         <size>0x14</size>
         <input_file_ref idref="fl-5"/>
      </object_component>
      <object_component id="oc-151">
         <name>.const:g_pui32UnpendRegs</name>
         <load_address>0x3478</load_address>
         <run_address>0x3478</run_address>
         <size>0x14</size>
         <input_file_ref idref="fl-5"/>
      </object_component>
      <object_component id="oc-11e">
         <name>.const:g_pui32VCOFrequencies</name>
         <load_address>0x348c</load_address>
         <run_address>0x348c</run_address>
         <size>0x8</size>
         <input_file_ref idref="fl-9"/>
      </object_component>
      <object_component id="oc-129">
         <name>.const</name>
         <load_address>0x3494</load_address>
         <run_address>0x3494</run_address>
         <size>0x8</size>
         <input_file_ref idref="fl-4"/>
      </object_component>
      <object_component id="oc-1a3">
         <name>.cinit..data.load</name>
         <load_address>0x34a0</load_address>
         <run_address>0x34a0</run_address>
         <size>0x16</size>
      </object_component>
      <object_component id="oc-1a2">
         <name>.cinit..vtable.load</name>
         <load_address>0x34b8</load_address>
         <run_address>0x34b8</run_address>
         <size>0xb</size>
      </object_component>
      <object_component id="oc-1a4">
         <name>.cinit..bss.load</name>
         <load_address>0x34c8</load_address>
         <run_address>0x34c8</run_address>
         <size>0x9</size>
      </object_component>
      <object_component id="oc-1a0">
         <name>__TI_handler_table</name>
         <load_address>0x34d4</load_address>
         <run_address>0x34d4</run_address>
         <size>0x8</size>
      </object_component>
      <object_component id="oc-1a1">
         <name>__TI_cinit_table</name>
         <load_address>0x34dc</load_address>
         <run_address>0x34dc</run_address>
         <size>0x18</size>
      </object_component>
      <object_component id="oc-13f">
         <name>.vtable</name>
         <uninitialized>true</uninitialized>
         <run_address>0x20000000</run_address>
         <size>0x26c</size>
         <input_file_ref idref="fl-5"/>
      </object_component>
      <object_component id="oc-b3">
         <name>.data:$O1$$</name>
         <load_address>0x2000046c</load_address>
         <run_address>0x2000046c</run_address>
         <size>0xc</size>
         <input_file_ref idref="fl-c8"/>
      </object_component>
      <object_component id="oc-77">
         <name>.data</name>
         <load_address>0x20000480</load_address>
         <run_address>0x20000480</run_address>
         <size>0x4</size>
         <input_file_ref idref="fl-cd"/>
      </object_component>
      <object_component id="oc-b6">
         <name>.data:$O1$$</name>
         <load_address>0x20000478</load_address>
         <run_address>0x20000478</run_address>
         <size>0x8</size>
         <input_file_ref idref="fl-ce"/>
      </object_component>
      <object_component id="oc-e6">
         <name>.common:qeiPosition</name>
         <uninitialized>true</uninitialized>
         <run_address>0x20000488</run_address>
         <size>0x4</size>
      </object_component>
      <object_component id="oc-e9">
         <name>.common:qeiDirection</name>
         <uninitialized>true</uninitialized>
         <run_address>0x20000484</run_address>
         <size>0x4</size>
      </object_component>
      <object_component id="oc-2a">
         <name>.stack</name>
         <uninitialized>true</uninitialized>
         <run_address>0x2000026c</run_address>
         <size>0x0</size>
         <input_file_ref idref="fl-c4"/>
      </object_component>
      <object_component id="oc-1a5">
         <name>.stack</name>
         <uninitialized>true</uninitialized>
         <run_address>0x2000026c</run_address>
         <size>0x0</size>
      </object_component>
      <object_component id="oc-116">
         <name>.debug_info</name>
         <load_address>0x0</load_address>
         <run_address>0x0</run_address>
         <size>0x2b9</size>
         <input_file_ref idref="fl-2"/>
      </object_component>
      <object_component id="oc-8b">
         <name>.debug_info</name>
         <load_address>0x2b9</load_address>
         <run_address>0x2b9</run_address>
         <size>0x84</size>
         <input_file_ref idref="fl-2"/>
      </object_component>
      <object_component id="oc-7e">
         <name>.debug_info</name>
         <load_address>0x33d</load_address>
         <run_address>0x33d</run_address>
         <size>0x18b</size>
         <input_file_ref idref="fl-2"/>
      </object_component>
      <object_component id="oc-eb">
         <name>.debug_info</name>
         <load_address>0x4c8</load_address>
         <run_address>0x4c8</run_address>
         <size>0x8b</size>
         <input_file_ref idref="fl-3"/>
      </object_component>
      <object_component id="oc-133">
         <name>.debug_info</name>
         <load_address>0x553</load_address>
         <run_address>0x553</run_address>
         <size>0x19e</size>
         <input_file_ref idref="fl-4"/>
      </object_component>
      <object_component id="oc-127">
         <name>.debug_info</name>
         <load_address>0x6f1</load_address>
         <run_address>0x6f1</run_address>
         <size>0xf5</size>
         <input_file_ref idref="fl-4"/>
      </object_component>
      <object_component id="oc-12a">
         <name>.debug_info</name>
         <load_address>0x7e6</load_address>
         <run_address>0x7e6</run_address>
         <size>0x143</size>
         <input_file_ref idref="fl-4"/>
      </object_component>
      <object_component id="oc-12d">
         <name>.debug_info</name>
         <load_address>0x929</load_address>
         <run_address>0x929</run_address>
         <size>0xf7</size>
         <input_file_ref idref="fl-4"/>
      </object_component>
      <object_component id="oc-130">
         <name>.debug_info</name>
         <load_address>0xa20</load_address>
         <run_address>0xa20</run_address>
         <size>0xe9</size>
         <input_file_ref idref="fl-4"/>
      </object_component>
      <object_component id="oc-d4">
         <name>.debug_info</name>
         <load_address>0xb09</load_address>
         <run_address>0xb09</run_address>
         <size>0x2ad9</size>
         <input_file_ref idref="fl-4"/>
      </object_component>
      <object_component id="oc-155">
         <name>.debug_info</name>
         <load_address>0x35e2</load_address>
         <run_address>0x35e2</run_address>
         <size>0x186</size>
         <input_file_ref idref="fl-5"/>
      </object_component>
      <object_component id="oc-143">
         <name>.debug_info</name>
         <load_address>0x3768</load_address>
         <run_address>0x3768</run_address>
         <size>0xe4</size>
         <input_file_ref idref="fl-5"/>
      </object_component>
      <object_component id="oc-146">
         <name>.debug_info</name>
         <load_address>0x384c</load_address>
         <run_address>0x384c</run_address>
         <size>0xdc</size>
         <input_file_ref idref="fl-5"/>
      </object_component>
      <object_component id="oc-149">
         <name>.debug_info</name>
         <load_address>0x3928</load_address>
         <run_address>0x3928</run_address>
         <size>0xe0</size>
         <input_file_ref idref="fl-5"/>
      </object_component>
      <object_component id="oc-14c">
         <name>.debug_info</name>
         <load_address>0x3a08</load_address>
         <run_address>0x3a08</run_address>
         <size>0xe6</size>
         <input_file_ref idref="fl-5"/>
      </object_component>
      <object_component id="oc-14f">
         <name>.debug_info</name>
         <load_address>0x3aee</load_address>
         <run_address>0x3aee</run_address>
         <size>0xe4</size>
         <input_file_ref idref="fl-5"/>
      </object_component>
      <object_component id="oc-152">
         <name>.debug_info</name>
         <load_address>0x3bd2</load_address>
         <run_address>0x3bd2</run_address>
         <size>0xe8</size>
         <input_file_ref idref="fl-5"/>
      </object_component>
      <object_component id="oc-140">
         <name>.debug_info</name>
         <load_address>0x3cba</load_address>
         <run_address>0x3cba</run_address>
         <size>0xe5</size>
         <input_file_ref idref="fl-5"/>
      </object_component>
      <object_component id="oc-111">
         <name>.debug_info</name>
         <load_address>0x3d9f</load_address>
         <run_address>0x3d9f</run_address>
         <size>0xb91</size>
         <input_file_ref idref="fl-5"/>
      </object_component>
      <object_component id="oc-e7">
         <name>.debug_info</name>
         <load_address>0x4930</load_address>
         <run_address>0x4930</run_address>
         <size>0x537</size>
         <input_file_ref idref="fl-6"/>
      </object_component>
      <object_component id="oc-ad">
         <name>.debug_info</name>
         <load_address>0x4e67</load_address>
         <run_address>0x4e67</run_address>
         <size>0x406</size>
         <input_file_ref idref="fl-6"/>
      </object_component>
      <object_component id="oc-135">
         <name>.debug_info</name>
         <load_address>0x526d</load_address>
         <run_address>0x526d</run_address>
         <size>0x15b</size>
         <input_file_ref idref="fl-7"/>
      </object_component>
      <object_component id="oc-dc">
         <name>.debug_info</name>
         <load_address>0x53c8</load_address>
         <run_address>0x53c8</run_address>
         <size>0x247e</size>
         <input_file_ref idref="fl-7"/>
      </object_component>
      <object_component id="oc-137">
         <name>.debug_info</name>
         <load_address>0x7846</load_address>
         <run_address>0x7846</run_address>
         <size>0x15b</size>
         <input_file_ref idref="fl-8"/>
      </object_component>
      <object_component id="oc-e0">
         <name>.debug_info</name>
         <load_address>0x79a1</load_address>
         <run_address>0x79a1</run_address>
         <size>0xef4</size>
         <input_file_ref idref="fl-8"/>
      </object_component>
      <object_component id="oc-125">
         <name>.debug_info</name>
         <load_address>0x8895</load_address>
         <run_address>0x8895</run_address>
         <size>0x20b</size>
         <input_file_ref idref="fl-9"/>
      </object_component>
      <object_component id="oc-11c">
         <name>.debug_info</name>
         <load_address>0x8aa0</load_address>
         <run_address>0x8aa0</run_address>
         <size>0xdb</size>
         <input_file_ref idref="fl-9"/>
      </object_component>
      <object_component id="oc-122">
         <name>.debug_info</name>
         <load_address>0x8b7b</load_address>
         <run_address>0x8b7b</run_address>
         <size>0xe7</size>
         <input_file_ref idref="fl-9"/>
      </object_component>
      <object_component id="oc-10d">
         <name>.debug_info</name>
         <load_address>0x8c62</load_address>
         <run_address>0x8c62</run_address>
         <size>0xe1</size>
         <input_file_ref idref="fl-9"/>
      </object_component>
      <object_component id="oc-11f">
         <name>.debug_info</name>
         <load_address>0x8d43</load_address>
         <run_address>0x8d43</run_address>
         <size>0xee</size>
         <input_file_ref idref="fl-9"/>
      </object_component>
      <object_component id="oc-cf">
         <name>.debug_info</name>
         <load_address>0x8e31</load_address>
         <run_address>0x8e31</run_address>
         <size>0x269a</size>
         <input_file_ref idref="fl-9"/>
      </object_component>
      <object_component id="oc-15f">
         <name>.debug_info</name>
         <load_address>0xb4cb</load_address>
         <run_address>0xb4cb</run_address>
         <size>0x51</size>
         <input_file_ref idref="fl-9"/>
      </object_component>
      <object_component id="oc-33">
         <name>.debug_info</name>
         <load_address>0xb51c</load_address>
         <run_address>0xb51c</run_address>
         <size>0x103</size>
         <input_file_ref idref="fl-a"/>
      </object_component>
      <object_component id="oc-10">
         <name>.debug_info</name>
         <load_address>0xb61f</load_address>
         <run_address>0xb61f</run_address>
         <size>0xee</size>
         <input_file_ref idref="fl-a"/>
      </object_component>
      <object_component id="oc-2d">
         <name>.debug_info</name>
         <load_address>0xb70d</load_address>
         <run_address>0xb70d</run_address>
         <size>0x26a</size>
         <input_file_ref idref="fl-a"/>
      </object_component>
      <object_component id="oc-27">
         <name>.debug_info</name>
         <load_address>0xb977</load_address>
         <run_address>0xb977</run_address>
         <size>0x161</size>
         <input_file_ref idref="fl-c4"/>
      </object_component>
      <object_component id="oc-3f">
         <name>.debug_info</name>
         <load_address>0xbad8</load_address>
         <run_address>0xbad8</run_address>
         <size>0x141</size>
         <input_file_ref idref="fl-c5"/>
      </object_component>
      <object_component id="oc-16">
         <name>.debug_info</name>
         <load_address>0xbc19</load_address>
         <run_address>0xbc19</run_address>
         <size>0x1e0</size>
         <input_file_ref idref="fl-c5"/>
      </object_component>
      <object_component id="oc-3a">
         <name>.debug_info</name>
         <load_address>0xbdf9</load_address>
         <run_address>0xbdf9</run_address>
         <size>0x46</size>
         <input_file_ref idref="fl-c5"/>
      </object_component>
      <object_component id="oc-84">
         <name>.debug_info</name>
         <load_address>0xbe3f</load_address>
         <run_address>0xbe3f</run_address>
         <size>0x2c</size>
         <input_file_ref idref="fl-c5"/>
      </object_component>
      <object_component id="oc-47">
         <name>.debug_info</name>
         <load_address>0xbe6b</load_address>
         <run_address>0xbe6b</run_address>
         <size>0x135</size>
         <input_file_ref idref="fl-c6"/>
      </object_component>
      <object_component id="oc-44">
         <name>.debug_info</name>
         <load_address>0xbfa0</load_address>
         <run_address>0xbfa0</run_address>
         <size>0x248</size>
         <input_file_ref idref="fl-c6"/>
      </object_component>
      <object_component id="oc-1b">
         <name>.debug_info</name>
         <load_address>0xc1e8</load_address>
         <run_address>0xc1e8</run_address>
         <size>0x1b2</size>
         <input_file_ref idref="fl-c6"/>
      </object_component>
      <object_component id="oc-48">
         <name>.debug_info</name>
         <load_address>0xc39a</load_address>
         <run_address>0xc39a</run_address>
         <size>0x39</size>
         <input_file_ref idref="fl-c6"/>
      </object_component>
      <object_component id="oc-93">
         <name>.debug_info</name>
         <load_address>0xc3d3</load_address>
         <run_address>0xc3d3</run_address>
         <size>0x2c</size>
         <input_file_ref idref="fl-c6"/>
      </object_component>
      <object_component id="oc-ba">
         <name>.debug_info</name>
         <load_address>0xc3ff</load_address>
         <run_address>0xc3ff</run_address>
         <size>0x235</size>
         <input_file_ref idref="fl-c8"/>
      </object_component>
      <object_component id="oc-b4">
         <name>.debug_info</name>
         <load_address>0xc634</load_address>
         <run_address>0xc634</run_address>
         <size>0x186</size>
         <input_file_ref idref="fl-c8"/>
      </object_component>
      <object_component id="oc-75">
         <name>.debug_info</name>
         <load_address>0xc7ba</load_address>
         <run_address>0xc7ba</run_address>
         <size>0x215</size>
         <input_file_ref idref="fl-c8"/>
      </object_component>
      <object_component id="oc-35">
         <name>.debug_info</name>
         <load_address>0xc9cf</load_address>
         <run_address>0xc9cf</run_address>
         <size>0x112</size>
         <input_file_ref idref="fl-c9"/>
      </object_component>
      <object_component id="oc-4e">
         <name>.debug_info</name>
         <load_address>0xcae1</load_address>
         <run_address>0xcae1</run_address>
         <size>0x140</size>
         <input_file_ref idref="fl-ca"/>
      </object_component>
      <object_component id="oc-5a">
         <name>.debug_info</name>
         <load_address>0xcc21</load_address>
         <run_address>0xcc21</run_address>
         <size>0x139</size>
         <input_file_ref idref="fl-cb"/>
      </object_component>
      <object_component id="oc-63">
         <name>.debug_info</name>
         <load_address>0xcd5a</load_address>
         <run_address>0xcd5a</run_address>
         <size>0x149</size>
         <input_file_ref idref="fl-cc"/>
      </object_component>
      <object_component id="oc-78">
         <name>.debug_info</name>
         <load_address>0xcea3</load_address>
         <run_address>0xcea3</run_address>
         <size>0x10a</size>
         <input_file_ref idref="fl-cd"/>
      </object_component>
      <object_component id="oc-101">
         <name>.debug_info</name>
         <load_address>0xcfad</load_address>
         <run_address>0xcfad</run_address>
         <size>0x125</size>
         <input_file_ref idref="fl-ce"/>
      </object_component>
      <object_component id="oc-b7">
         <name>.debug_info</name>
         <load_address>0xd0d2</load_address>
         <run_address>0xd0d2</run_address>
         <size>0x114</size>
         <input_file_ref idref="fl-ce"/>
      </object_component>
      <object_component id="oc-fc">
         <name>.debug_info</name>
         <load_address>0xd1e6</load_address>
         <run_address>0xd1e6</run_address>
         <size>0x220</size>
         <input_file_ref idref="fl-ce"/>
      </object_component>
      <object_component id="oc-b2">
         <name>.debug_info</name>
         <load_address>0xd406</load_address>
         <run_address>0xd406</run_address>
         <size>0x167</size>
         <input_file_ref idref="fl-cf"/>
      </object_component>
      <object_component id="oc-6d">
         <name>.debug_info</name>
         <load_address>0xd56d</load_address>
         <run_address>0xd56d</run_address>
         <size>0x168</size>
         <input_file_ref idref="fl-cf"/>
      </object_component>
      <object_component id="oc-f2">
         <name>.debug_info</name>
         <load_address>0xd6d5</load_address>
         <run_address>0xd6d5</run_address>
         <size>0x5e</size>
         <input_file_ref idref="fl-cf"/>
      </object_component>
      <object_component id="oc-aa">
         <name>.debug_info</name>
         <load_address>0xd733</load_address>
         <run_address>0xd733</run_address>
         <size>0x2ea</size>
         <input_file_ref idref="fl-d0"/>
      </object_component>
      <object_component id="oc-67">
         <name>.debug_info</name>
         <load_address>0xda1d</load_address>
         <run_address>0xda1d</run_address>
         <size>0x191</size>
         <input_file_ref idref="fl-d0"/>
      </object_component>
      <object_component id="oc-c3">
         <name>.debug_info</name>
         <load_address>0xdbae</load_address>
         <run_address>0xdbae</run_address>
         <size>0x39</size>
         <input_file_ref idref="fl-d0"/>
      </object_component>
      <object_component id="oc-c8">
         <name>.debug_info</name>
         <load_address>0xdbe7</load_address>
         <run_address>0xdbe7</run_address>
         <size>0xcd</size>
         <input_file_ref idref="fl-d0"/>
      </object_component>
      <object_component id="oc-bf">
         <name>.debug_info</name>
         <load_address>0xdcb4</load_address>
         <run_address>0xdcb4</run_address>
         <size>0x1e1</size>
         <input_file_ref idref="fl-d1"/>
      </object_component>
      <object_component id="oc-a0">
         <name>.debug_info</name>
         <load_address>0xde95</load_address>
         <run_address>0xde95</run_address>
         <size>0x184</size>
         <input_file_ref idref="fl-d1"/>
      </object_component>
      <object_component id="oc-107">
         <name>.debug_info</name>
         <load_address>0xe019</load_address>
         <run_address>0xe019</run_address>
         <size>0x2c</size>
         <input_file_ref idref="fl-d1"/>
      </object_component>
      <object_component id="oc-a7">
         <name>.debug_info</name>
         <load_address>0xe045</load_address>
         <run_address>0xe045</run_address>
         <size>0x146</size>
         <input_file_ref idref="fl-d2"/>
      </object_component>
      <object_component id="oc-1a6">
         <name>.debug_info</name>
         <load_address>0xe18b</load_address>
         <run_address>0xe18b</run_address>
         <size>0xa4</size>
      </object_component>
      <object_component id="oc-119">
         <name>.debug_line</name>
         <load_address>0x0</load_address>
         <run_address>0x0</run_address>
         <size>0xcf</size>
         <input_file_ref idref="fl-2"/>
      </object_component>
      <object_component id="oc-8e">
         <name>.debug_line</name>
         <load_address>0xcf</load_address>
         <run_address>0xcf</run_address>
         <size>0x20</size>
         <input_file_ref idref="fl-2"/>
      </object_component>
      <object_component id="oc-81">
         <name>.debug_line</name>
         <load_address>0xef</load_address>
         <run_address>0xef</run_address>
         <size>0x5f</size>
         <input_file_ref idref="fl-2"/>
      </object_component>
      <object_component id="oc-ee">
         <name>.debug_line</name>
         <load_address>0x14e</load_address>
         <run_address>0x14e</run_address>
         <size>0x20</size>
         <input_file_ref idref="fl-3"/>
      </object_component>
      <object_component id="oc-16c">
         <name>.debug_line</name>
         <load_address>0x16e</load_address>
         <run_address>0x16e</run_address>
         <size>0x36</size>
         <input_file_ref idref="fl-4"/>
      </object_component>
      <object_component id="oc-164">
         <name>.debug_line</name>
         <load_address>0x1a4</load_address>
         <run_address>0x1a4</run_address>
         <size>0x2d</size>
         <input_file_ref idref="fl-4"/>
      </object_component>
      <object_component id="oc-166">
         <name>.debug_line</name>
         <load_address>0x1d1</load_address>
         <run_address>0x1d1</run_address>
         <size>0x2d</size>
         <input_file_ref idref="fl-4"/>
      </object_component>
      <object_component id="oc-168">
         <name>.debug_line</name>
         <load_address>0x1fe</load_address>
         <run_address>0x1fe</run_address>
         <size>0x2d</size>
         <input_file_ref idref="fl-4"/>
      </object_component>
      <object_component id="oc-16a">
         <name>.debug_line</name>
         <load_address>0x22b</load_address>
         <run_address>0x22b</run_address>
         <size>0x2d</size>
         <input_file_ref idref="fl-4"/>
      </object_component>
      <object_component id="oc-d7">
         <name>.debug_line</name>
         <load_address>0x258</load_address>
         <run_address>0x258</run_address>
         <size>0x5ee</size>
         <input_file_ref idref="fl-4"/>
      </object_component>
      <object_component id="oc-180">
         <name>.debug_line</name>
         <load_address>0x846</load_address>
         <run_address>0x846</run_address>
         <size>0x30</size>
         <input_file_ref idref="fl-5"/>
      </object_component>
      <object_component id="oc-174">
         <name>.debug_line</name>
         <load_address>0x876</load_address>
         <run_address>0x876</run_address>
         <size>0x32</size>
         <input_file_ref idref="fl-5"/>
      </object_component>
      <object_component id="oc-176">
         <name>.debug_line</name>
         <load_address>0x8a8</load_address>
         <run_address>0x8a8</run_address>
         <size>0x32</size>
         <input_file_ref idref="fl-5"/>
      </object_component>
      <object_component id="oc-178">
         <name>.debug_line</name>
         <load_address>0x8da</load_address>
         <run_address>0x8da</run_address>
         <size>0x32</size>
         <input_file_ref idref="fl-5"/>
      </object_component>
      <object_component id="oc-17a">
         <name>.debug_line</name>
         <load_address>0x90c</load_address>
         <run_address>0x90c</run_address>
         <size>0x32</size>
         <input_file_ref idref="fl-5"/>
      </object_component>
      <object_component id="oc-17c">
         <name>.debug_line</name>
         <load_address>0x93e</load_address>
         <run_address>0x93e</run_address>
         <size>0x32</size>
         <input_file_ref idref="fl-5"/>
      </object_component>
      <object_component id="oc-17e">
         <name>.debug_line</name>
         <load_address>0x970</load_address>
         <run_address>0x970</run_address>
         <size>0x32</size>
         <input_file_ref idref="fl-5"/>
      </object_component>
      <object_component id="oc-172">
         <name>.debug_line</name>
         <load_address>0x9a2</load_address>
         <run_address>0x9a2</run_address>
         <size>0x32</size>
         <input_file_ref idref="fl-5"/>
      </object_component>
      <object_component id="oc-110">
         <name>.debug_line</name>
         <load_address>0x9d4</load_address>
         <run_address>0x9d4</run_address>
         <size>0x2e3</size>
         <input_file_ref idref="fl-5"/>
      </object_component>
      <object_component id="oc-139">
         <name>.debug_line</name>
         <load_address>0xcb7</load_address>
         <run_address>0xcb7</run_address>
         <size>0x71</size>
         <input_file_ref idref="fl-6"/>
      </object_component>
      <object_component id="oc-af">
         <name>.debug_line</name>
         <load_address>0xd28</load_address>
         <run_address>0xd28</run_address>
         <size>0x99</size>
         <input_file_ref idref="fl-6"/>
      </object_component>
      <object_component id="oc-16e">
         <name>.debug_line</name>
         <load_address>0xdc1</load_address>
         <run_address>0xdc1</run_address>
         <size>0x36</size>
         <input_file_ref idref="fl-7"/>
      </object_component>
      <object_component id="oc-db">
         <name>.debug_line</name>
         <load_address>0xdf7</load_address>
         <run_address>0xdf7</run_address>
         <size>0x54d</size>
         <input_file_ref idref="fl-7"/>
      </object_component>
      <object_component id="oc-170">
         <name>.debug_line</name>
         <load_address>0x1344</load_address>
         <run_address>0x1344</run_address>
         <size>0x36</size>
         <input_file_ref idref="fl-8"/>
      </object_component>
      <object_component id="oc-e4">
         <name>.debug_line</name>
         <load_address>0x137a</load_address>
         <run_address>0x137a</run_address>
         <size>0x291</size>
         <input_file_ref idref="fl-8"/>
      </object_component>
      <object_component id="oc-15e">
         <name>.debug_line</name>
         <load_address>0x160b</load_address>
         <run_address>0x160b</run_address>
         <size>0x59</size>
         <input_file_ref idref="fl-9"/>
      </object_component>
      <object_component id="oc-158">
         <name>.debug_line</name>
         <load_address>0x1664</load_address>
         <run_address>0x1664</run_address>
         <size>0x2f</size>
         <input_file_ref idref="fl-9"/>
      </object_component>
      <object_component id="oc-15c">
         <name>.debug_line</name>
         <load_address>0x1693</load_address>
         <run_address>0x1693</run_address>
         <size>0x2f</size>
         <input_file_ref idref="fl-9"/>
      </object_component>
      <object_component id="oc-13e">
         <name>.debug_line</name>
         <load_address>0x16c2</load_address>
         <run_address>0x16c2</run_address>
         <size>0x2f</size>
         <input_file_ref idref="fl-9"/>
      </object_component>
      <object_component id="oc-15a">
         <name>.debug_line</name>
         <load_address>0x16f1</load_address>
         <run_address>0x16f1</run_address>
         <size>0x2f</size>
         <input_file_ref idref="fl-9"/>
      </object_component>
      <object_component id="oc-d2">
         <name>.debug_line</name>
         <load_address>0x1720</load_address>
         <run_address>0x1720</run_address>
         <size>0x98f</size>
         <input_file_ref idref="fl-9"/>
      </object_component>
      <object_component id="oc-161">
         <name>.debug_line</name>
         <load_address>0x20af</load_address>
         <run_address>0x20af</run_address>
         <size>0x2f</size>
         <input_file_ref idref="fl-9"/>
      </object_component>
      <object_component id="oc-7d">
         <name>.debug_line</name>
         <load_address>0x20de</load_address>
         <run_address>0x20de</run_address>
         <size>0x41</size>
         <input_file_ref idref="fl-a"/>
      </object_component>
      <object_component id="oc-32">
         <name>.debug_line</name>
         <load_address>0x211f</load_address>
         <run_address>0x211f</run_address>
         <size>0x41</size>
         <input_file_ref idref="fl-a"/>
      </object_component>
      <object_component id="oc-2c">
         <name>.debug_line</name>
         <load_address>0x2160</load_address>
         <run_address>0x2160</run_address>
         <size>0xa1</size>
         <input_file_ref idref="fl-a"/>
      </object_component>
      <object_component id="oc-25">
         <name>.debug_line</name>
         <load_address>0x2201</load_address>
         <run_address>0x2201</run_address>
         <size>0x53</size>
         <input_file_ref idref="fl-c4"/>
      </object_component>
      <object_component id="oc-8a">
         <name>.debug_line</name>
         <load_address>0x2254</load_address>
         <run_address>0x2254</run_address>
         <size>0x8a</size>
         <input_file_ref idref="fl-c5"/>
      </object_component>
      <object_component id="oc-15">
         <name>.debug_line</name>
         <load_address>0x22de</load_address>
         <run_address>0x22de</run_address>
         <size>0x55</size>
         <input_file_ref idref="fl-c5"/>
      </object_component>
      <object_component id="oc-3d">
         <name>.debug_line</name>
         <load_address>0x2333</load_address>
         <run_address>0x2333</run_address>
         <size>0x3a</size>
         <input_file_ref idref="fl-c5"/>
      </object_component>
      <object_component id="oc-87">
         <name>.debug_line</name>
         <load_address>0x236d</load_address>
         <run_address>0x236d</run_address>
         <size>0x8a</size>
         <input_file_ref idref="fl-c5"/>
      </object_component>
      <object_component id="oc-92">
         <name>.debug_line</name>
         <load_address>0x23f7</load_address>
         <run_address>0x23f7</run_address>
         <size>0x8a</size>
         <input_file_ref idref="fl-c6"/>
      </object_component>
      <object_component id="oc-43">
         <name>.debug_line</name>
         <load_address>0x2481</load_address>
         <run_address>0x2481</run_address>
         <size>0x98</size>
         <input_file_ref idref="fl-c6"/>
      </object_component>
      <object_component id="oc-1d">
         <name>.debug_line</name>
         <load_address>0x2519</load_address>
         <run_address>0x2519</run_address>
         <size>0x4b</size>
         <input_file_ref idref="fl-c6"/>
      </object_component>
      <object_component id="oc-4b">
         <name>.debug_line</name>
         <load_address>0x2564</load_address>
         <run_address>0x2564</run_address>
         <size>0x39</size>
         <input_file_ref idref="fl-c6"/>
      </object_component>
      <object_component id="oc-96">
         <name>.debug_line</name>
         <load_address>0x259d</load_address>
         <run_address>0x259d</run_address>
         <size>0x8a</size>
         <input_file_ref idref="fl-c6"/>
      </object_component>
      <object_component id="oc-104">
         <name>.debug_line</name>
         <load_address>0x2627</load_address>
         <run_address>0x2627</run_address>
         <size>0xf2</size>
         <input_file_ref idref="fl-c8"/>
      </object_component>
      <object_component id="oc-f8">
         <name>.debug_line</name>
         <load_address>0x2719</load_address>
         <run_address>0x2719</run_address>
         <size>0x2a</size>
         <input_file_ref idref="fl-c8"/>
      </object_component>
      <object_component id="oc-73">
         <name>.debug_line</name>
         <load_address>0x2743</load_address>
         <run_address>0x2743</run_address>
         <size>0x86</size>
         <input_file_ref idref="fl-c8"/>
      </object_component>
      <object_component id="oc-38">
         <name>.debug_line</name>
         <load_address>0x27c9</load_address>
         <run_address>0x27c9</run_address>
         <size>0x88</size>
         <input_file_ref idref="fl-c9"/>
      </object_component>
      <object_component id="oc-51">
         <name>.debug_line</name>
         <load_address>0x2851</load_address>
         <run_address>0x2851</run_address>
         <size>0x79</size>
         <input_file_ref idref="fl-ca"/>
      </object_component>
      <object_component id="oc-5d">
         <name>.debug_line</name>
         <load_address>0x28ca</load_address>
         <run_address>0x28ca</run_address>
         <size>0x3d</size>
         <input_file_ref idref="fl-cb"/>
      </object_component>
      <object_component id="oc-62">
         <name>.debug_line</name>
         <load_address>0x2907</load_address>
         <run_address>0x2907</run_address>
         <size>0x40</size>
         <input_file_ref idref="fl-cc"/>
      </object_component>
      <object_component id="oc-bd">
         <name>.debug_line</name>
         <load_address>0x2947</load_address>
         <run_address>0x2947</run_address>
         <size>0x33</size>
         <input_file_ref idref="fl-cd"/>
      </object_component>
      <object_component id="oc-13c">
         <name>.debug_line</name>
         <load_address>0x297a</load_address>
         <run_address>0x297a</run_address>
         <size>0x20</size>
         <input_file_ref idref="fl-ce"/>
      </object_component>
      <object_component id="oc-100">
         <name>.debug_line</name>
         <load_address>0x299a</load_address>
         <run_address>0x299a</run_address>
         <size>0x2b</size>
         <input_file_ref idref="fl-ce"/>
      </object_component>
      <object_component id="oc-fa">
         <name>.debug_line</name>
         <load_address>0x29c5</load_address>
         <run_address>0x29c5</run_address>
         <size>0x68</size>
         <input_file_ref idref="fl-ce"/>
      </object_component>
      <object_component id="oc-f1">
         <name>.debug_line</name>
         <load_address>0x2a2d</load_address>
         <run_address>0x2a2d</run_address>
         <size>0x2b</size>
         <input_file_ref idref="fl-cf"/>
      </object_component>
      <object_component id="oc-6f">
         <name>.debug_line</name>
         <load_address>0x2a58</load_address>
         <run_address>0x2a58</run_address>
         <size>0x50</size>
         <input_file_ref idref="fl-cf"/>
      </object_component>
      <object_component id="oc-f5">
         <name>.debug_line</name>
         <load_address>0x2aa8</load_address>
         <run_address>0x2aa8</run_address>
         <size>0x2b</size>
         <input_file_ref idref="fl-cf"/>
      </object_component>
      <object_component id="oc-c2">
         <name>.debug_line</name>
         <load_address>0x2ad3</load_address>
         <run_address>0x2ad3</run_address>
         <size>0xa9</size>
         <input_file_ref idref="fl-d0"/>
      </object_component>
      <object_component id="oc-6a">
         <name>.debug_line</name>
         <load_address>0x2b7c</load_address>
         <run_address>0x2b7c</run_address>
         <size>0x8b</size>
         <input_file_ref idref="fl-d0"/>
      </object_component>
      <object_component id="oc-c6">
         <name>.debug_line</name>
         <load_address>0x2c07</load_address>
         <run_address>0x2c07</run_address>
         <size>0x2e</size>
         <input_file_ref idref="fl-d0"/>
      </object_component>
      <object_component id="oc-cb">
         <name>.debug_line</name>
         <load_address>0x2c35</load_address>
         <run_address>0x2c35</run_address>
         <size>0x8b</size>
         <input_file_ref idref="fl-d0"/>
      </object_component>
      <object_component id="oc-106">
         <name>.debug_line</name>
         <load_address>0x2cc0</load_address>
         <run_address>0x2cc0</run_address>
         <size>0x98</size>
         <input_file_ref idref="fl-d1"/>
      </object_component>
      <object_component id="oc-a2">
         <name>.debug_line</name>
         <load_address>0x2d58</load_address>
         <run_address>0x2d58</run_address>
         <size>0x68</size>
         <input_file_ref idref="fl-d1"/>
      </object_component>
      <object_component id="oc-10a">
         <name>.debug_line</name>
         <load_address>0x2dc0</load_address>
         <run_address>0x2dc0</run_address>
         <size>0x2e</size>
         <input_file_ref idref="fl-d1"/>
      </object_component>
      <object_component id="oc-a4">
         <name>.debug_line</name>
         <load_address>0x2dee</load_address>
         <run_address>0x2dee</run_address>
         <size>0x3c</size>
         <input_file_ref idref="fl-d2"/>
      </object_component>
      <object_component id="oc-11a">
         <name>.debug_frame</name>
         <load_address>0x0</load_address>
         <run_address>0x0</run_address>
         <size>0xda</size>
         <input_file_ref idref="fl-2"/>
      </object_component>
      <object_component id="oc-d8">
         <name>.debug_frame</name>
         <load_address>0xda</load_address>
         <run_address>0xda</run_address>
         <size>0x547</size>
         <input_file_ref idref="fl-4"/>
      </object_component>
      <object_component id="oc-114">
         <name>.debug_frame</name>
         <load_address>0x621</load_address>
         <run_address>0x621</run_address>
         <size>0x1f3</size>
         <input_file_ref idref="fl-5"/>
      </object_component>
      <object_component id="oc-b0">
         <name>.debug_frame</name>
         <load_address>0x814</load_address>
         <run_address>0x814</run_address>
         <size>0xb7</size>
         <input_file_ref idref="fl-6"/>
      </object_component>
      <object_component id="oc-de">
         <name>.debug_frame</name>
         <load_address>0x8cb</load_address>
         <run_address>0x8cb</run_address>
         <size>0x3ed</size>
         <input_file_ref idref="fl-7"/>
      </object_component>
      <object_component id="oc-e3">
         <name>.debug_frame</name>
         <load_address>0xcb8</load_address>
         <run_address>0xcb8</run_address>
         <size>0x25b</size>
         <input_file_ref idref="fl-8"/>
      </object_component>
      <object_component id="oc-d1">
         <name>.debug_frame</name>
         <load_address>0xf13</load_address>
         <run_address>0xf13</run_address>
         <size>0x590</size>
         <input_file_ref idref="fl-9"/>
      </object_component>
      <object_component id="oc-30">
         <name>.debug_frame</name>
         <load_address>0x14a3</load_address>
         <run_address>0x14a3</run_address>
         <size>0xb2</size>
         <input_file_ref idref="fl-a"/>
      </object_component>
      <object_component id="oc-14">
         <name>.debug_frame</name>
         <load_address>0x1555</load_address>
         <run_address>0x1555</run_address>
         <size>0x7f</size>
         <input_file_ref idref="fl-c5"/>
      </object_component>
      <object_component id="oc-41">
         <name>.debug_frame</name>
         <load_address>0x15d4</load_address>
         <run_address>0x15d4</run_address>
         <size>0x8e</size>
         <input_file_ref idref="fl-c6"/>
      </object_component>
      <object_component id="oc-19">
         <name>.debug_frame</name>
         <load_address>0x1662</load_address>
         <run_address>0x1662</run_address>
         <size>0x7f</size>
         <input_file_ref idref="fl-c6"/>
      </object_component>
      <object_component id="oc-74">
         <name>.debug_frame</name>
         <load_address>0x16e1</load_address>
         <run_address>0x16e1</run_address>
         <size>0xb3</size>
         <input_file_ref idref="fl-c8"/>
      </object_component>
      <object_component id="oc-5e">
         <name>.debug_frame</name>
         <load_address>0x1794</load_address>
         <run_address>0x1794</run_address>
         <size>0x7f</size>
         <input_file_ref idref="fl-cb"/>
      </object_component>
      <object_component id="oc-60">
         <name>.debug_frame</name>
         <load_address>0x1813</load_address>
         <run_address>0x1813</run_address>
         <size>0x7f</size>
         <input_file_ref idref="fl-cc"/>
      </object_component>
      <object_component id="oc-fb">
         <name>.debug_frame</name>
         <load_address>0x1892</load_address>
         <run_address>0x1892</run_address>
         <size>0xa1</size>
         <input_file_ref idref="fl-ce"/>
      </object_component>
      <object_component id="oc-70">
         <name>.debug_frame</name>
         <load_address>0x1933</load_address>
         <run_address>0x1933</run_address>
         <size>0x7f</size>
         <input_file_ref idref="fl-cf"/>
      </object_component>
      <object_component id="oc-66">
         <name>.debug_frame</name>
         <load_address>0x19b2</load_address>
         <run_address>0x19b2</run_address>
         <size>0x8a</size>
         <input_file_ref idref="fl-d0"/>
      </object_component>
      <object_component id="oc-9e">
         <name>.debug_frame</name>
         <load_address>0x1a3c</load_address>
         <run_address>0x1a3c</run_address>
         <size>0x8e</size>
         <input_file_ref idref="fl-d1"/>
      </object_component>
      <object_component id="oc-a6">
         <name>.debug_frame</name>
         <load_address>0x1aca</load_address>
         <run_address>0x1aca</run_address>
         <size>0x7f</size>
         <input_file_ref idref="fl-d2"/>
      </object_component>
      <object_component id="oc-156">
         <name>.debug_abbrev</name>
         <load_address>0x0</load_address>
         <run_address>0x0</run_address>
         <size>0xca</size>
         <input_file_ref idref="fl-2"/>
      </object_component>
      <object_component id="oc-8d">
         <name>.debug_abbrev</name>
         <load_address>0xca</load_address>
         <run_address>0xca</run_address>
         <size>0x1f</size>
         <input_file_ref idref="fl-2"/>
      </object_component>
      <object_component id="oc-80">
         <name>.debug_abbrev</name>
         <load_address>0xe9</load_address>
         <run_address>0xe9</run_address>
         <size>0x35</size>
         <input_file_ref idref="fl-2"/>
      </object_component>
      <object_component id="oc-ed">
         <name>.debug_abbrev</name>
         <load_address>0x11e</load_address>
         <run_address>0x11e</run_address>
         <size>0x1f</size>
         <input_file_ref idref="fl-3"/>
      </object_component>
      <object_component id="oc-16b">
         <name>.debug_abbrev</name>
         <load_address>0x13d</load_address>
         <run_address>0x13d</run_address>
         <size>0x6b</size>
         <input_file_ref idref="fl-4"/>
      </object_component>
      <object_component id="oc-163">
         <name>.debug_abbrev</name>
         <load_address>0x1a8</load_address>
         <run_address>0x1a8</run_address>
         <size>0x27</size>
         <input_file_ref idref="fl-4"/>
      </object_component>
      <object_component id="oc-165">
         <name>.debug_abbrev</name>
         <load_address>0x1cf</load_address>
         <run_address>0x1cf</run_address>
         <size>0x27</size>
         <input_file_ref idref="fl-4"/>
      </object_component>
      <object_component id="oc-167">
         <name>.debug_abbrev</name>
         <load_address>0x1f6</load_address>
         <run_address>0x1f6</run_address>
         <size>0x27</size>
         <input_file_ref idref="fl-4"/>
      </object_component>
      <object_component id="oc-169">
         <name>.debug_abbrev</name>
         <load_address>0x21d</load_address>
         <run_address>0x21d</run_address>
         <size>0x27</size>
         <input_file_ref idref="fl-4"/>
      </object_component>
      <object_component id="oc-132">
         <name>.debug_abbrev</name>
         <load_address>0x244</load_address>
         <run_address>0x244</run_address>
         <size>0xd6</size>
         <input_file_ref idref="fl-4"/>
      </object_component>
      <object_component id="oc-17f">
         <name>.debug_abbrev</name>
         <load_address>0x31a</load_address>
         <run_address>0x31a</run_address>
         <size>0x7e</size>
         <input_file_ref idref="fl-5"/>
      </object_component>
      <object_component id="oc-173">
         <name>.debug_abbrev</name>
         <load_address>0x398</load_address>
         <run_address>0x398</run_address>
         <size>0x27</size>
         <input_file_ref idref="fl-5"/>
      </object_component>
      <object_component id="oc-175">
         <name>.debug_abbrev</name>
         <load_address>0x3bf</load_address>
         <run_address>0x3bf</run_address>
         <size>0x27</size>
         <input_file_ref idref="fl-5"/>
      </object_component>
      <object_component id="oc-177">
         <name>.debug_abbrev</name>
         <load_address>0x3e6</load_address>
         <run_address>0x3e6</run_address>
         <size>0x27</size>
         <input_file_ref idref="fl-5"/>
      </object_component>
      <object_component id="oc-179">
         <name>.debug_abbrev</name>
         <load_address>0x40d</load_address>
         <run_address>0x40d</run_address>
         <size>0x27</size>
         <input_file_ref idref="fl-5"/>
      </object_component>
      <object_component id="oc-17b">
         <name>.debug_abbrev</name>
         <load_address>0x434</load_address>
         <run_address>0x434</run_address>
         <size>0x27</size>
         <input_file_ref idref="fl-5"/>
      </object_component>
      <object_component id="oc-17d">
         <name>.debug_abbrev</name>
         <load_address>0x45b</load_address>
         <run_address>0x45b</run_address>
         <size>0x27</size>
         <input_file_ref idref="fl-5"/>
      </object_component>
      <object_component id="oc-171">
         <name>.debug_abbrev</name>
         <load_address>0x482</load_address>
         <run_address>0x482</run_address>
         <size>0x29</size>
         <input_file_ref idref="fl-5"/>
      </object_component>
      <object_component id="oc-154">
         <name>.debug_abbrev</name>
         <load_address>0x4ab</load_address>
         <run_address>0x4ab</run_address>
         <size>0x101</size>
         <input_file_ref idref="fl-5"/>
      </object_component>
      <object_component id="oc-138">
         <name>.debug_abbrev</name>
         <load_address>0x5ac</load_address>
         <run_address>0x5ac</run_address>
         <size>0x7b</size>
         <input_file_ref idref="fl-6"/>
      </object_component>
      <object_component id="oc-ea">
         <name>.debug_abbrev</name>
         <load_address>0x627</load_address>
         <run_address>0x627</run_address>
         <size>0x8d</size>
         <input_file_ref idref="fl-6"/>
      </object_component>
      <object_component id="oc-16d">
         <name>.debug_abbrev</name>
         <load_address>0x6b4</load_address>
         <run_address>0x6b4</run_address>
         <size>0x47</size>
         <input_file_ref idref="fl-7"/>
      </object_component>
      <object_component id="oc-134">
         <name>.debug_abbrev</name>
         <load_address>0x6fb</load_address>
         <run_address>0x6fb</run_address>
         <size>0x103</size>
         <input_file_ref idref="fl-7"/>
      </object_component>
      <object_component id="oc-16f">
         <name>.debug_abbrev</name>
         <load_address>0x7fe</load_address>
         <run_address>0x7fe</run_address>
         <size>0x47</size>
         <input_file_ref idref="fl-8"/>
      </object_component>
      <object_component id="oc-136">
         <name>.debug_abbrev</name>
         <load_address>0x845</load_address>
         <run_address>0x845</run_address>
         <size>0x132</size>
         <input_file_ref idref="fl-8"/>
      </object_component>
      <object_component id="oc-15d">
         <name>.debug_abbrev</name>
         <load_address>0x977</load_address>
         <run_address>0x977</run_address>
         <size>0xa9</size>
         <input_file_ref idref="fl-9"/>
      </object_component>
      <object_component id="oc-157">
         <name>.debug_abbrev</name>
         <load_address>0xa20</load_address>
         <run_address>0xa20</run_address>
         <size>0x27</size>
         <input_file_ref idref="fl-9"/>
      </object_component>
      <object_component id="oc-15b">
         <name>.debug_abbrev</name>
         <load_address>0xa47</load_address>
         <run_address>0xa47</run_address>
         <size>0x27</size>
         <input_file_ref idref="fl-9"/>
      </object_component>
      <object_component id="oc-13d">
         <name>.debug_abbrev</name>
         <load_address>0xa6e</load_address>
         <run_address>0xa6e</run_address>
         <size>0x27</size>
         <input_file_ref idref="fl-9"/>
      </object_component>
      <object_component id="oc-159">
         <name>.debug_abbrev</name>
         <load_address>0xa95</load_address>
         <run_address>0xa95</run_address>
         <size>0x27</size>
         <input_file_ref idref="fl-9"/>
      </object_component>
      <object_component id="oc-124">
         <name>.debug_abbrev</name>
         <load_address>0xabc</load_address>
         <run_address>0xabc</run_address>
         <size>0x12e</size>
         <input_file_ref idref="fl-9"/>
      </object_component>
      <object_component id="oc-160">
         <name>.debug_abbrev</name>
         <load_address>0xbea</load_address>
         <run_address>0xbea</run_address>
         <size>0x38</size>
         <input_file_ref idref="fl-9"/>
      </object_component>
      <object_component id="oc-7c">
         <name>.debug_abbrev</name>
         <load_address>0xc22</load_address>
         <run_address>0xc22</run_address>
         <size>0x54</size>
         <input_file_ref idref="fl-a"/>
      </object_component>
      <object_component id="oc-31">
         <name>.debug_abbrev</name>
         <load_address>0xc76</load_address>
         <run_address>0xc76</run_address>
         <size>0x29</size>
         <input_file_ref idref="fl-a"/>
      </object_component>
      <object_component id="oc-7b">
         <name>.debug_abbrev</name>
         <load_address>0xc9f</load_address>
         <run_address>0xc9f</run_address>
         <size>0x79</size>
         <input_file_ref idref="fl-a"/>
      </object_component>
      <object_component id="oc-7a">
         <name>.debug_abbrev</name>
         <load_address>0xd18</load_address>
         <run_address>0xd18</run_address>
         <size>0x3e</size>
         <input_file_ref idref="fl-c4"/>
      </object_component>
      <object_component id="oc-89">
         <name>.debug_abbrev</name>
         <load_address>0xd56</load_address>
         <run_address>0xd56</run_address>
         <size>0x52</size>
         <input_file_ref idref="fl-c5"/>
      </object_component>
      <object_component id="oc-39">
         <name>.debug_abbrev</name>
         <load_address>0xda8</load_address>
         <run_address>0xda8</run_address>
         <size>0x74</size>
         <input_file_ref idref="fl-c5"/>
      </object_component>
      <object_component id="oc-3c">
         <name>.debug_abbrev</name>
         <load_address>0xe1c</load_address>
         <run_address>0xe1c</run_address>
         <size>0x24</size>
         <input_file_ref idref="fl-c5"/>
      </object_component>
      <object_component id="oc-86">
         <name>.debug_abbrev</name>
         <load_address>0xe40</load_address>
         <run_address>0xe40</run_address>
         <size>0x24</size>
         <input_file_ref idref="fl-c5"/>
      </object_component>
      <object_component id="oc-91">
         <name>.debug_abbrev</name>
         <load_address>0xe64</load_address>
         <run_address>0xe64</run_address>
         <size>0x52</size>
         <input_file_ref idref="fl-c6"/>
      </object_component>
      <object_component id="oc-90">
         <name>.debug_abbrev</name>
         <load_address>0xeb6</load_address>
         <run_address>0xeb6</run_address>
         <size>0x7b</size>
         <input_file_ref idref="fl-c6"/>
      </object_component>
      <object_component id="oc-46">
         <name>.debug_abbrev</name>
         <load_address>0xf31</load_address>
         <run_address>0xf31</run_address>
         <size>0x66</size>
         <input_file_ref idref="fl-c6"/>
      </object_component>
      <object_component id="oc-4a">
         <name>.debug_abbrev</name>
         <load_address>0xf97</load_address>
         <run_address>0xf97</run_address>
         <size>0x24</size>
         <input_file_ref idref="fl-c6"/>
      </object_component>
      <object_component id="oc-95">
         <name>.debug_abbrev</name>
         <load_address>0xfbb</load_address>
         <run_address>0xfbb</run_address>
         <size>0x24</size>
         <input_file_ref idref="fl-c6"/>
      </object_component>
      <object_component id="oc-103">
         <name>.debug_abbrev</name>
         <load_address>0xfdf</load_address>
         <run_address>0xfdf</run_address>
         <size>0xa8</size>
         <input_file_ref idref="fl-c8"/>
      </object_component>
      <object_component id="oc-f7">
         <name>.debug_abbrev</name>
         <load_address>0x1087</load_address>
         <run_address>0x1087</run_address>
         <size>0x29</size>
         <input_file_ref idref="fl-c8"/>
      </object_component>
      <object_component id="oc-b9">
         <name>.debug_abbrev</name>
         <load_address>0x10b0</load_address>
         <run_address>0x10b0</run_address>
         <size>0xba</size>
         <input_file_ref idref="fl-c8"/>
      </object_component>
      <object_component id="oc-83">
         <name>.debug_abbrev</name>
         <load_address>0x116a</load_address>
         <run_address>0x116a</run_address>
         <size>0x3e</size>
         <input_file_ref idref="fl-c9"/>
      </object_component>
      <object_component id="oc-98">
         <name>.debug_abbrev</name>
         <load_address>0x11a8</load_address>
         <run_address>0x11a8</run_address>
         <size>0x4f</size>
         <input_file_ref idref="fl-ca"/>
      </object_component>
      <object_component id="oc-9b">
         <name>.debug_abbrev</name>
         <load_address>0x11f7</load_address>
         <run_address>0x11f7</run_address>
         <size>0x53</size>
         <input_file_ref idref="fl-cb"/>
      </object_component>
      <object_component id="oc-9c">
         <name>.debug_abbrev</name>
         <load_address>0x124a</load_address>
         <run_address>0x124a</run_address>
         <size>0x55</size>
         <input_file_ref idref="fl-cc"/>
      </object_component>
      <object_component id="oc-bc">
         <name>.debug_abbrev</name>
         <load_address>0x129f</load_address>
         <run_address>0x129f</run_address>
         <size>0x27</size>
         <input_file_ref idref="fl-cd"/>
      </object_component>
      <object_component id="oc-13b">
         <name>.debug_abbrev</name>
         <load_address>0x12c6</load_address>
         <run_address>0x12c6</run_address>
         <size>0x45</size>
         <input_file_ref idref="fl-ce"/>
      </object_component>
      <object_component id="oc-ff">
         <name>.debug_abbrev</name>
         <load_address>0x130b</load_address>
         <run_address>0x130b</run_address>
         <size>0x29</size>
         <input_file_ref idref="fl-ce"/>
      </object_component>
      <object_component id="oc-13a">
         <name>.debug_abbrev</name>
         <load_address>0x1334</load_address>
         <run_address>0x1334</run_address>
         <size>0x6f</size>
         <input_file_ref idref="fl-ce"/>
      </object_component>
      <object_component id="oc-f0">
         <name>.debug_abbrev</name>
         <load_address>0x13a3</load_address>
         <run_address>0x13a3</run_address>
         <size>0x8e</size>
         <input_file_ref idref="fl-cf"/>
      </object_component>
      <object_component id="oc-b1">
         <name>.debug_abbrev</name>
         <load_address>0x1431</load_address>
         <run_address>0x1431</run_address>
         <size>0x68</size>
         <input_file_ref idref="fl-cf"/>
      </object_component>
      <object_component id="oc-f4">
         <name>.debug_abbrev</name>
         <load_address>0x1499</load_address>
         <run_address>0x1499</run_address>
         <size>0x49</size>
         <input_file_ref idref="fl-cf"/>
      </object_component>
      <object_component id="oc-c1">
         <name>.debug_abbrev</name>
         <load_address>0x14e2</load_address>
         <run_address>0x14e2</run_address>
         <size>0xae</size>
         <input_file_ref idref="fl-d0"/>
      </object_component>
      <object_component id="oc-a9">
         <name>.debug_abbrev</name>
         <load_address>0x1590</load_address>
         <run_address>0x1590</run_address>
         <size>0x7e</size>
         <input_file_ref idref="fl-d0"/>
      </object_component>
      <object_component id="oc-c5">
         <name>.debug_abbrev</name>
         <load_address>0x160e</load_address>
         <run_address>0x160e</run_address>
         <size>0x24</size>
         <input_file_ref idref="fl-d0"/>
      </object_component>
      <object_component id="oc-ca">
         <name>.debug_abbrev</name>
         <load_address>0x1632</load_address>
         <run_address>0x1632</run_address>
         <size>0x4b</size>
         <input_file_ref idref="fl-d0"/>
      </object_component>
      <object_component id="oc-105">
         <name>.debug_abbrev</name>
         <load_address>0x167d</load_address>
         <run_address>0x167d</run_address>
         <size>0x9c</size>
         <input_file_ref idref="fl-d1"/>
      </object_component>
      <object_component id="oc-be">
         <name>.debug_abbrev</name>
         <load_address>0x1719</load_address>
         <run_address>0x1719</run_address>
         <size>0x8c</size>
         <input_file_ref idref="fl-d1"/>
      </object_component>
      <object_component id="oc-109">
         <name>.debug_abbrev</name>
         <load_address>0x17a5</load_address>
         <run_address>0x17a5</run_address>
         <size>0x24</size>
         <input_file_ref idref="fl-d1"/>
      </object_component>
      <object_component id="oc-c0">
         <name>.debug_abbrev</name>
         <load_address>0x17c9</load_address>
         <run_address>0x17c9</run_address>
         <size>0x53</size>
         <input_file_ref idref="fl-d2"/>
      </object_component>
      <object_component id="oc-1a7">
         <name>.debug_abbrev</name>
         <load_address>0x181c</load_address>
         <run_address>0x181c</run_address>
         <size>0xf</size>
      </object_component>
      <object_component id="oc-8f">
         <name>.debug_str</name>
         <load_address>0x0</load_address>
         <run_address>0x0</run_address>
         <size>0xfb</size>
         <input_file_ref idref="fl-2"/>
      </object_component>
      <object_component id="oc-82">
         <name>.debug_str</name>
         <load_address>0xfb</load_address>
         <run_address>0xfb</run_address>
         <size>0x215</size>
         <input_file_ref idref="fl-2"/>
      </object_component>
      <object_component id="oc-ef">
         <name>.debug_str</name>
         <load_address>0x310</load_address>
         <run_address>0x310</run_address>
         <size>0xfb</size>
         <input_file_ref idref="fl-3"/>
      </object_component>
      <object_component id="oc-162">
         <name>.debug_str</name>
         <load_address>0x40b</load_address>
         <run_address>0x40b</run_address>
         <size>0xbd</size>
         <input_file_ref idref="fl-9"/>
      </object_component>
      <object_component id="oc-3e">
         <name>.debug_str</name>
         <load_address>0x4c8</load_address>
         <run_address>0x4c8</run_address>
         <size>0x101</size>
         <input_file_ref idref="fl-c5"/>
      </object_component>
      <object_component id="oc-88">
         <name>.debug_str</name>
         <load_address>0x5c9</load_address>
         <run_address>0x5c9</run_address>
         <size>0x12e</size>
         <input_file_ref idref="fl-c5"/>
      </object_component>
      <object_component id="oc-4c">
         <name>.debug_str</name>
         <load_address>0x6f7</load_address>
         <run_address>0x6f7</run_address>
         <size>0xf3</size>
         <input_file_ref idref="fl-c6"/>
      </object_component>
      <object_component id="oc-97">
         <name>.debug_str</name>
         <load_address>0x7ea</load_address>
         <run_address>0x7ea</run_address>
         <size>0x12e</size>
         <input_file_ref idref="fl-c6"/>
      </object_component>
      <object_component id="oc-f6">
         <name>.debug_str</name>
         <load_address>0x918</load_address>
         <run_address>0x918</run_address>
         <size>0xd7</size>
         <input_file_ref idref="fl-cf"/>
      </object_component>
      <object_component id="oc-c7">
         <name>.debug_str</name>
         <load_address>0x9ef</load_address>
         <run_address>0x9ef</run_address>
         <size>0xe3</size>
         <input_file_ref idref="fl-d0"/>
      </object_component>
      <object_component id="oc-cc">
         <name>.debug_str</name>
         <load_address>0xad2</load_address>
         <run_address>0xad2</run_address>
         <size>0x185</size>
         <input_file_ref idref="fl-d0"/>
      </object_component>
      <object_component id="oc-10b">
         <name>.debug_str</name>
         <load_address>0xc57</load_address>
         <run_address>0xc57</run_address>
         <size>0xd8</size>
         <input_file_ref idref="fl-d1"/>
      </object_component>
      <object_component id="oc-117">
         <name>.debug_aranges</name>
         <load_address>0x0</load_address>
         <run_address>0x0</run_address>
         <size>0x48</size>
         <input_file_ref idref="fl-2"/>
      </object_component>
      <object_component id="oc-d6">
         <name>.debug_aranges</name>
         <load_address>0x48</load_address>
         <run_address>0x48</run_address>
         <size>0x190</size>
         <input_file_ref idref="fl-4"/>
      </object_component>
      <object_component id="oc-112">
         <name>.debug_aranges</name>
         <load_address>0x1d8</load_address>
         <run_address>0x1d8</run_address>
         <size>0xa0</size>
         <input_file_ref idref="fl-5"/>
      </object_component>
      <object_component id="oc-ac">
[...]
         <object_component_ref idref="oc-d9"/>
      </symbol>
      <symbol id="sm-279">
         <name>PWMIntStatus</name>
         <value>0x2257</value>
         <object_component_ref idref="oc-d9"/>
      </symbol>
      <symbol id="sm-27a">
         <name>PWMIntEnable</name>
         <value>0x2215</value>
         <object_component_ref idref="oc-d9"/>
      </symbol>
      <symbol id="sm-27b">
         <name>PWMGenConfigure</name>
         <value>0x1d25</value>
         <object_component_ref idref="oc-d9"/>
      </symbol>
      <symbol id="sm-27c">
         <name>PWMGenIntTrigDisable</name>
         <value>0x21b5</value>
         <object_component_ref idref="oc-d9"/>
      </symbol>
      <symbol id="sm-27d">
         <name>PWMPulseWidthGet</name>
         <value>0x1e47</value>
         <object_component_ref idref="oc-d9"/>
      </symbol>
      <symbol id="sm-27e">
         <name>PWMOutputInvert</name>
         <value>0x1f3b</value>
         <object_component_ref idref="oc-d9"/>
      </symbol>
      <symbol id="sm-27f">
         <name>PWMFaultIntUnregister</name>
         <value>0x217d</value>
         <object_component_ref idref="oc-d9"/>
      </symbol>
      <symbol id="sm-2b3">
         <name>QEIDirectionGet</name>
         <value>0x2869</value>
         <object_component_ref idref="oc-df"/>
      </symbol>
      <symbol id="sm-2b4">
         <name>QEIPositionGet</name>
         <value>0x2849</value>
         <object_component_ref idref="oc-df"/>
      </symbol>
      <symbol id="sm-2b5">
         <name>QEIVelocityGet</name>
         <value>0x2933</value>
         <object_component_ref idref="oc-df"/>
      </symbol>
      <symbol id="sm-2b6">
         <name>QEIFilterConfigure</name>
         <value>0x28c9</value>
         <object_component_ref idref="oc-df"/>
      </symbol>
      <symbol id="sm-2b7">
         <name>QEIIntEnable</name>
         <value>0x29cd</value>
         <object_component_ref idref="oc-df"/>
      </symbol>
      <symbol id="sm-2b8">
         <name>QEIVelocityConfigure</name>
         <value>0x290d</value>
         <object_component_ref idref="oc-df"/>
      </symbol>
      <symbol id="sm-2b9">
         <name>QEIIntDisable</name>
         <value>0x29e5</value>
         <object_component_ref idref="oc-df"/>
      </symbol>
      <symbol id="sm-2ba">
         <name>QEIFilterEnable</name>
         <value>0x28a1</value>
         <object_component_ref idref="oc-df"/>
      </symbol>
      <symbol id="sm-2bb">
         <name>QEIDisable</name>
         <value>0x2811</value>
         <object_component_ref idref="oc-df"/>
      </symbol>
      <symbol id="sm-2bc">
         <name>QEIVelocityDisable</name>
         <value>0x28f9</value>
         <object_component_ref idref="oc-df"/>
      </symbol>
      <symbol id="sm-2bd">
         <name>QEIIntStatus</name>
         <value>0x29fd</value>
         <object_component_ref idref="oc-df"/>
      </symbol>
      <symbol id="sm-2be">
         <name>QEIErrorGet</name>
         <value>0x2883</value>
         <object_component_ref idref="oc-df"/>
      </symbol>
      <symbol id="sm-2bf">
         <name>QEIFilterDisable</name>
         <value>0x28b5</value>
         <object_component_ref idref="oc-df"/>
      </symbol>
      <symbol id="sm-2c0">
         <name>QEIEnable</name>
         <value>0x27fd</value>
         <object_component_ref idref="oc-df"/>
      </symbol>
      <symbol id="sm-2c1">
         <name>QEIIntUnregister</name>
         <value>0x29b3</value>
         <object_component_ref idref="oc-df"/>
      </symbol>
      <symbol id="sm-2c2">
         <name>QEIIntClear</name>
         <value>0x2a1b</value>
         <object_component_ref idref="oc-df"/>
      </symbol>
      <symbol id="sm-2c3">
         <name>QEIIntRegister</name>
         <value>0x2995</value>
         <object_component_ref idref="oc-df"/>
      </symbol>
      <symbol id="sm-2c4">
         <name>QEIPositionSet</name>
         <value>0x2857</value>
         <object_component_ref idref="oc-df"/>
      </symbol>
      <symbol id="sm-2c5">
         <name>QEIVelocityEnable</name>
         <value>0x28e5</value>
         <object_component_ref idref="oc-df"/>
      </symbol>
      <symbol id="sm-2c6">
         <name>QEIConfigure</name>
         <value>0x2825</value>
         <object_component_ref idref="oc-df"/>
      </symbol>
      <symbol id="sm-402">
         <name>SysCtlGPIOAHBEnable</name>
         <value>0xfff</value>
         <object_component_ref idref="oc-cd"/>
      </symbol>
      <symbol id="sm-403">
         <name>SysCtlIntRegister</name>
         <value>0x6f9</value>
         <object_component_ref idref="oc-cd"/>
      </symbol>
      <symbol id="sm-404">
         <name>SysCtlFlashSizeGet</name>
         <value>0x339</value>
         <object_component_ref idref="oc-cd"/>
      </symbol>
      <symbol id="sm-405">
         <name>SysCtlPeripheralDeepSleepEnable</name>
         <value>0x60d</value>
         <object_component_ref idref="oc-cd"/>
      </symbol>
      <symbol id="sm-406">
         <name>SysCtlLDODeepSleepGet</name>
         <value>0x79f</value>
         <object_component_ref idref="oc-cd"/>
      </symbol>
      <symbol id="sm-407">
         <name>SysCtlFlashSectorSizeGet</name>
         <value>0x365</value>
         <object_component_ref idref="oc-cd"/>
      </symbol>
      <symbol id="sm-408">
         <name>SysCtlIntDisable</name>
         <value>0x735</value>
         <object_component_ref idref="oc-cd"/>
      </symbol>
      <symbol id="sm-409">
         <name>SysCtlResetBehaviorGet</name>
         <value>0x885</value>
         <object_component_ref idref="oc-cd"/>
      </symbol>
      <symbol id="sm-40a">
         <name>SysCtlPeripheralPresent</name>
         <value>0x38d</value>
         <object_component_ref idref="oc-cd"/>
      </symbol>
      <symbol id="sm-40b">
         <name>SysCtlDeepSleepClockSet</name>
         <value>0xf29</value>
         <object_component_ref idref="oc-cd"/>
      </symbol>
      <symbol id="sm-40c">
         <name>SysCtlClockSet</name>
         <value>0xbad</value>
         <object_component_ref idref="oc-cd"/>
      </symbol>
      <symbol id="sm-40d">
         <name>SysCtlAltClkConfig</name>
         <value>0x1191</value>
         <object_component_ref idref="oc-cd"/>
      </symbol>
      <symbol id="sm-40e">
         <name>SysCtlPeripheralClockGating</name>
         <value>0x6a5</value>
         <object_component_ref idref="oc-cd"/>
      </symbol>
      <symbol id="sm-40f">
         <name>SysCtlIntStatus</name>
         <value>0x75d</value>
         <object_component_ref idref="oc-cd"/>
      </symbol>
      <symbol id="sm-410">
         <name>SysCtlIntClear</name>
         <value>0x74d</value>
         <object_component_ref idref="oc-cd"/>
      </symbol>
      <symbol id="sm-411">
         <name>SysCtlVoltageEventStatus</name>
         <value>0x1069</value>
         <object_component_ref idref="oc-cd"/>
      </symbol>
      <symbol id="sm-412">
         <name>SysCtlVoltageEventConfig</name>
         <value>0x1055</value>
         <object_component_ref idref="oc-cd"/>
      </symbol>
      <symbol id="sm-413">
         <name>SysCtlResetCauseGet</name>
         <value>0x7f5</value>
         <object_component_ref idref="oc-cd"/>
      </symbol>
      <symbol id="sm-414">
         <name>SysCtlSleep</name>
         <value>0x7d1</value>
         <object_component_ref idref="oc-cd"/>
      </symbol>
      <symbol id="sm-415">
         <name>SysCtlPWMClockGet</name>
         <value>0xfe9</value>
         <object_component_ref idref="oc-cd"/>
      </symbol>
      <symbol id="sm-416">
         <name>SysCtlDeepSleepPowerSet</name>
         <value>0x7b9</value>
         <object_component_ref idref="oc-cd"/>
      </symbol>
      <symbol id="sm-417">
         <name>SysCtlClockOutConfig</name>
         <value>0x1175</value>
         <object_component_ref idref="oc-cd"/>
      </symbol>
      <symbol id="sm-418">
         <name>SysCtlNMIStatus</name>
         <value>0x1149</value>
         <object_component_ref idref="oc-cd"/>
      </symbol>
      <symbol id="sm-419">
         <name>SysCtlDeepSleepClockConfigSet</name>
         <value>0xf45</value>
         <object_component_ref idref="oc-cd"/>
      </symbol>
      <symbol id="sm-41a">
         <name>SysCtlDelay</name>
         <value>0x2f13</value>
         <object_component_ref idref="oc-e5"/>
      </symbol>
      <symbol id="sm-41b">
         <name>SysCtlVoltageEventClear</name>
         <value>0x1075</value>
         <object_component_ref idref="oc-cd"/>
      </symbol>
      <symbol id="sm-41c">
         <name>SysCtlLDOSleepSet</name>
         <value>0x779</value>
         <object_component_ref idref="oc-cd"/>
      </symbol>
      <symbol id="sm-41d">
         <name>SysCtlMOSCConfigSet</name>
         <value>0x80f</value>
         <object_component_ref idref="oc-cd"/>
      </symbol>
      <symbol id="sm-41e">
         <name>SysCtlPeripheralEnable</name>
         <value>0x50d</value>
         <object_component_ref idref="oc-cd"/>
      </symbol>
      <symbol id="sm-41f">
         <name>SysCtlIntEnable</name>
         <value>0x721</value>
         <object_component_ref idref="oc-cd"/>
      </symbol>
      <symbol id="sm-420">
         <name>SysCtlNMIClear</name>
         <value>0x1159</value>
         <object_component_ref idref="oc-cd"/>
      </symbol>
      <symbol id="sm-421">
         <name>SysCtlPeripheralPowerOff</name>
         <value>0x449</value>
         <object_component_ref idref="oc-cd"/>
      </symbol>
      <symbol id="sm-422">
         <name>SysCtlSleepPowerSet</name>
         <value>0x7a5</value>
         <object_component_ref idref="oc-cd"/>
      </symbol>
      <symbol id="sm-423">
         <name>SysCtlDeepSleep</name>
         <value>0x7d9</value>
         <object_component_ref idref="oc-cd"/>
      </symbol>
      <symbol id="sm-424">
         <name>SysCtlLDODeepSleepSet</name>
         <value>0x78f</value>
         <object_component_ref idref="oc-cd"/>
      </symbol>
      <symbol id="sm-425">
         <name>SysCtlPeripheralPowerOn</name>
         <value>0x40d</value>
         <object_component_ref idref="oc-cd"/>
      </symbol>
      <symbol id="sm-426">
         <name>SysCtlPeripheralDeepSleepDisable</name>
         <value>0x65d</value>
         <object_component_ref idref="oc-cd"/>
      </symbol>
      <symbol id="sm-427">
         <name>SysCtlPeripheralSleepDisable</name>
         <value>0x5d1</value>
         <object_component_ref idref="oc-cd"/>
      </symbol>
      <symbol id="sm-428">
         <name>SysCtlVCOGet</name>
         <value>0x1089</value>
         <object_component_ref idref="oc-cd"/>
      </symbol>
      <symbol id="sm-429">
         <name>SysCtlResetBehaviorSet</name>
         <value>0x875</value>
         <object_component_ref idref="oc-cd"/>
      </symbol>
      <symbol id="sm-42a">
         <name>SysCtlReset</name>
         <value>0x7c9</value>
         <object_component_ref idref="oc-cd"/>
      </symbol>
      <symbol id="sm-42b">
         <name>SysCtlGPIOAHBDisable</name>
         <value>0x101b</value>
         <object_component_ref idref="oc-cd"/>
      </symbol>
      <symbol id="sm-42c">
         <name>SysCtlSRAMSizeGet</name>
         <value>0x32f</value>
         <object_component_ref idref="oc-cd"/>
      </symbol>
      <symbol id="sm-42d">
         <name>SysCtlClockGet</name>
         <value>0xd7d</value>
         <object_component_ref idref="oc-cd"/>
      </symbol>
      <symbol id="sm-42e">
         <name>SysCtlPeripheralDisable</name>
         <value>0x549</value>
         <object_component_ref idref="oc-cd"/>
      </symbol>
      <symbol id="sm-42f">
         <name>SysCtlPWMClockSet</name>
         <value>0xfcf</value>
         <object_component_ref idref="oc-cd"/>
      </symbol>
      <symbol id="sm-430">
         <name>SysCtlUSBPLLEnable</name>
         <value>0x1037</value>
         <object_component_ref idref="oc-cd"/>
      </symbol>
      <symbol id="sm-431">
         <name>SysCtlPeripheralSleepEnable</name>
         <value>0x58d</value>
         <object_component_ref idref="oc-cd"/>
      </symbol>
      <symbol id="sm-432">
         <name>SysCtlIntUnregister</name>
         <value>0x711</value>
         <object_component_ref idref="oc-cd"/>
      </symbol>
      <symbol id="sm-433">
         <name>SysCtlUSBPLLDisable</name>
         <value>0x1043</value>
         <object_component_ref idref="oc-cd"/>
      </symbol>
      <symbol id="sm-434">
         <name>SysCtlPeripheralReady</name>
         <value>0x3cd</value>
         <object_component_ref idref="oc-cd"/>
      </symbol>
      <symbol id="sm-435">
         <name>SysCtlPIOSCCalibrate</name>
         <value>0x825</value>
         <object_component_ref idref="oc-cd"/>
      </symbol>
      <symbol id="sm-436">
         <name>SysCtlResetCauseClear</name>
         <value>0x7fb</value>
         <object_component_ref idref="oc-cd"/>
      </symbol>
      <symbol id="sm-437">
         <name>SysCtlLDOSleepGet</name>
         <value>0x789</value>
         <object_component_ref idref="oc-cd"/>
      </symbol>
      <symbol id="sm-438">
         <name>SysCtlClockFreqSet</name>
         <value>0x8d9</value>
         <object_component_ref idref="oc-cd"/>
      </symbol>
      <symbol id="sm-439">
         <name>SysCtlPeripheralReset</name>
         <value>0x485</value>
         <object_component_ref idref="oc-cd"/>
      </symbol>
      <symbol id="sm-455">
         <name>ResetISR</name>
         <value>0x2f07</value>
         <object_component_ref idref="oc-2b"/>
      </symbol>
      <symbol id="sm-456">
         <name>g_pfnVectors</name>
         <value>0x0</value>
         <object_component_ref idref="oc-f"/>
      </symbol>
      <symbol id="sm-467">
         <name>_c_int00</name>
         <value>0x2d99</value>
         <object_component_ref idref="oc-24"/>
      </symbol>
      <symbol id="sm-468">
         <name>__stack</name>
         <value>0x2000026c</value>
         <object_component_ref idref="oc-2a"/>
      </symbol>
      <symbol id="sm-47f">
         <name>__TI_decompress_none</name>
         <value>0x2ef9</value>
         <object_component_ref idref="oc-12"/>
      </symbol>
      <symbol id="sm-4a7">
         <name>__TI_decompress_rle24</name>
         <value>0x2f19</value>
         <object_component_ref idref="oc-18"/>
      </symbol>
      <symbol id="sm-4c9">
         <name>C$$EXIT</name>
         <value>0x2ded</value>
         <object_component_ref idref="oc-71"/>
      </symbol>
      <symbol id="sm-4ca">
         <name>abort</name>
         <value>0x2df1</value>
         <object_component_ref idref="oc-71"/>
      </symbol>
      <symbol id="sm-4cb">
         <name>exit</name>
         <value>0x2df9</value>
         <object_component_ref idref="oc-71"/>
      </symbol>
      <symbol id="sm-4cc">
         <name>__TI_dtors_ptr</name>
         <value>0x20000470</value>
         <object_component_ref idref="oc-b3"/>
      </symbol>
      <symbol id="sm-4cd">
         <name>__TI_cleanup_ptr</name>
         <value>0x2000046c</value>
         <object_component_ref idref="oc-b3"/>
      </symbol>
      <symbol id="sm-4ce">
         <name>__TI_enable_exit_profile_output</name>
         <value>0x20000474</value>
         <object_component_ref idref="oc-b3"/>
      </symbol>
      <symbol id="sm-4e9">
         <name>memcpy</name>
         <value>0x2ba5</value>
         <object_component_ref idref="oc-34"/>
      </symbol>
      <symbol id="sm-4ea">
         <name>__aeabi_memcpy</name>
         <value>0x2ba5</value>
         <object_component_ref idref="oc-34"/>
      </symbol>
      <symbol id="sm-4eb">
         <name>__aeabi_memcpy8</name>
         <value>0x2ba5</value>
         <object_component_ref idref="oc-34"/>
      </symbol>
      <symbol id="sm-4ec">
         <name>__aeabi_memcpy4</name>
         <value>0x2ba5</value>
         <object_component_ref idref="oc-34"/>
      </symbol>
      <symbol id="sm-4fb">
         <name>__aeabi_memset</name>
         <value>0x2c43</value>
         <object_component_ref idref="oc-4d"/>
      </symbol>
      <symbol id="sm-4fc">
         <name>memset</name>
         <value>0x2c49</value>
         <object_component_ref idref="oc-4d"/>
      </symbol>
      <symbol id="sm-4fd">
         <name>__aeabi_memset8</name>
         <value>0x2c43</value>
         <object_component_ref idref="oc-4d"/>
      </symbol>
      <symbol id="sm-4fe">
         <name>__aeabi_memset4</name>
         <value>0x2c43</value>
         <object_component_ref idref="oc-4d"/>
      </symbol>
      <symbol id="sm-4ff">
         <name>__aeabi_memclr8</name>
         <value>0x2c41</value>
         <object_component_ref idref="oc-4d"/>
      </symbol>
      <symbol id="sm-500">
         <name>__aeabi_memclr4</name>
         <value>0x2c41</value>
         <object_component_ref idref="oc-4d"/>
      </symbol>
      <symbol id="sm-501">
         <name>__aeabi_memclr</name>
         <value>0x2c41</value>
         <object_component_ref idref="oc-4d"/>
      </symbol>
      <symbol id="sm-50b">
         <name>__mpu_init</name>
         <value>0x2cbb</value>
         <object_component_ref idref="oc-59"/>
      </symbol>
      <symbol id="sm-515">
         <name>_system_pre_init</name>
         <value>0x2f1f</value>
         <object_component_ref idref="oc-5f"/>
      </symbol>
      <symbol id="sm-51d">
         <name>main_func_sp</name>
         <value>0x20000480</value>
         <object_component_ref idref="oc-77"/>
      </symbol>
      <symbol id="sm-536">
         <name>_nop</name>
         <value>0x2ef3</value>
         <object_component_ref idref="oc-f9"/>
      </symbol>
      <symbol id="sm-537">
         <name>_lock</name>
         <value>0x20000478</value>
         <object_component_ref idref="oc-b6"/>
      </symbol>
      <symbol id="sm-538">
         <name>_unlock</name>
         <value>0x2000047c</value>
         <object_component_ref idref="oc-b6"/>
      </symbol>
      <symbol id="sm-539">
         <name>_register_lock</name>
         <value>0x2eeb</value>
         <object_component_ref idref="oc-f9"/>
      </symbol>
      <symbol id="sm-53a">
         <name>_register_unlock</name>
         <value>0x2ee5</value>
         <object_component_ref idref="oc-f9"/>
      </symbol>
      <symbol id="sm-54e">
         <name>_args_main</name>
         <value>0x2ecd</value>
         <object_component_ref idref="oc-6b"/>
      </symbol>
      <symbol id="sm-573">
         <name>__TI_auto_init</name>
         <value>0x2cbd</value>
         <object_component_ref idref="oc-65"/>
      </symbol>
      <symbol id="sm-58d">
         <name>copy_in</name>
         <value>0x2e41</value>
         <object_component_ref idref="oc-9d"/>
      </symbol>
      <symbol id="sm-597">
         <name>_system_post_cinit</name>
         <value>0x2d97</value>
         <object_component_ref idref="oc-a3"/>
      </symbol>
      <symbol id="sm-598">
         <name>__TI_static_base__</name>
         <value>0x0</value>
      </symbol>
      <symbol id="sm-59b">
         <name>SHT$$INIT_ARRAY$$Limit</name>
         <value>0x0</value>
      </symbol>
      <symbol id="sm-59c">
         <name>SHT$$INIT_ARRAY$$Base</name>
         <value>0x0</value>
      </symbol>
   </symbol_table>
   <title>Link successful</title>
</link_info>
