******************************************************************************
                  TI ARM Linker PC v15.12.3                    
******************************************************************************
>> Linked Sun Jan 15 14:03:57 2017

OUTPUT FILE NAME:   <qei_test.out>
ENTRY POINT SYMBOL: "_c_int00"  address: 00002d99


MEMORY CONFIGURATION

         name            origin    length      used     unused   attr    fill
----------------------  --------  ---------  --------  --------  ----  --------
  FLASH                 00000000   00040000  000034ee  0003cb12  R  X
  SRAM                  20000000   00008000  0000048c  00007b74  RW X


SEGMENT ALLOCATION MAP

run origin  load origin   length   init length attrs members
----------  ----------- ---------- ----------- ----- -------
00000000    00000000    000034f4   000034f4    r-x
  00000000    00000000    0000026c   0000026c    r-- .intvecs
  0000026c    0000026c    00002cb6   00002cb6    r-x .text
  00002f24    00002f24    00000578   00000578    r-- .const
  000034a0    000034a0    00000054   00000054    r-- .cinit
20000000    20000000    0000048c   00000000    rw-
  20000000    20000000    0000026c   00000000    rw- .vtable
  2000026c    2000026c    00000200   00000000    rw- .stack
  2000046c    2000046c    00000018   00000000    rw- .data
  20000484    20000484    00000008   00000000    rw- .bss


SECTION ALLOCATION MAP

 output                                  attributes/
section   page    origin      length       input sections
--------  ----  ----------  ----------   ----------------
.intvecs   0    00000000    0000026c     
                  00000000    0000026c     tm4c123gh6pm_startup_ccs.obj (.intvecs)

.text      0    0000026c    00002cb6     
                  0000026c    00000f68     sysctl.obj (.text)
                  000011d4    00000b50     gpio.obj (.text)
                  00001d24    00000718     pwm.obj (.text)
                  0000243c    000003c0     interrupt.obj (.text)
                  000027fc    00000244     qei.obj (.text)
                  00002a40    00000164     main.obj (.text)
                  00002ba4    0000009c     rtsv7M4_T_le_v4SPD16_eabi.lib : memcpy_t2.obj (.text)
                  00002c40    0000007a                                   : memset_t2.obj (.text)
                  00002cba    00000002                                   : mpu_init.obj (.text)
                  00002cbc    00000070                                   : autoinit.obj (.text)
                  00002d2c    0000006a                                   : copy_decompress_rle.obj (.text)
                  00002d96    00000002                                   : startup.obj (.text)
                  00002d98    00000054                                   : boot.obj (.text)
                  00002dec    00000054                                   : exit.obj (.text)
                  00002e40    0000004c                                   : cpy_tbl.obj (.text)
                  00002e8c    0000003e     cpu.obj (.text)
                  00002eca    00000002     --HOLE-- [fill = 0]
                  00002ecc    00000018     rtsv7M4_T_le_v4SPD16_eabi.lib : args_main.obj (.text)
                  00002ee4    00000014                                   : _lock.obj (.text)
                  00002ef8    0000000e                                   : copy_decompress_none.obj (.text:decompress:none)
                  00002f06    0000000c     tm4c123gh6pm_startup_ccs.obj (.text)
                  00002f12    00000006     sysctl.obj (.text:SysCtlDelay)
                  00002f18    00000006     rtsv7M4_T_le_v4SPD16_eabi.lib : copy_decompress_rle.obj (.text:decompress:rle24)
                  00002f1e    00000004                                   : pre_init.obj (.text)

.const     0    00002f24    00000578     
                  00002f24    000001b0     sysctl.obj (.const:g_pppui32XTALtoVCO)
                  000030d4    000000c0     gpio.obj (.const:g_ppui32GPIOIntMapBlizzard)
                  00003194    000000c0     gpio.obj (.const:g_ppui32GPIOIntMapSnowflake)
                  00003254    0000009c     interrupt.obj (.const:g_pui32Regs)
                  000032f0    00000090     gpio.obj (.const:g_pui32GPIOBaseAddrs)
                  00003380    0000006c     sysctl.obj (.const:g_pui32Xtals)
                  000033ec    00000030     sysctl.obj (.const:g_sXTALtoMEMTIM)
                  0000341c    00000020     interrupt.obj (.const:g_pui32Priority)
                  0000343c    00000014     interrupt.obj (.const:g_pui32Dii16Regs)
                  00003450    00000014     interrupt.obj (.const:g_pui32EnRegs)
                  00003464    00000014     interrupt.obj (.const:g_pui32PendRegs)
                  00003478    00000014     interrupt.obj (.const:g_pui32UnpendRegs)
                  0000348c    00000008     sysctl.obj (.const:g_pui32VCOFrequencies)
                  00003494    00000008     gpio.obj (.const)

.cinit     0    000034a0    00000054     
                  000034a0    00000016     (.cinit..data.load) [load image, compression = rle]
                  000034b6    00000002     --HOLE-- [fill = 0]
                  000034b8    0000000b     (.cinit..vtable.load) [load image, compression = rle]
                  000034c3    00000005     --HOLE-- [fill = 0]
                  000034c8    00000009     (.cinit..bss.load) [load image, compression = rle]
                  000034d1    00000003     --HOLE-- [fill = 0]
                  000034d4    00000008     (__TI_handler_table)
                  000034dc    00000018     (__TI_cinit_table)

.init_array 
*          0    00000000    00000000     UNINITIALIZED

.vtable    0    20000000    0000026c     UNINITIALIZED
                  20000000    0000026c     interrupt.obj (.vtable)

.stack     0    2000026c    00000200     UNINITIALIZED
                  2000026c    00000200     --HOLE--

.data      0    2000046c    00000018     UNINITIALIZED
                  2000046c    0000000c     rtsv7M4_T_le_v4SPD16_eabi.lib : exit.obj (.data:$O1$$)
                  20000478    00000008                                   : _lock.obj (.data:$O1$$)
                  20000480    00000004                                   : stkdepth_vars.obj (.data)

.bss       0    20000484    00000008     UNINITIALIZED
                  20000484    00000004     (.common:qeiDirection)
                  20000488    00000004     (.common:qeiPosition)

MODULE SUMMARY

       Module                         code    ro data   rw data
       ------                         ----    -------   -------
    .\
       sysctl.obj                     3950    596       0      
       gpio.obj                       2896    536       0      
       interrupt.obj                  960     268       620    
       pwm.obj                        1816    0         0      
       tm4c123gh6pm_startup_ccs.obj   12      620       0      
       qei.obj                        580     0         0      
       main.obj                       356     0         8      
       cpu.obj                        62      0         0      
    +--+------------------------------+-------+---------+---------+
       Total:                         10632   2020      628    
                                                               
    C:\ti\ccsv6\tools\compiler\arm_15.12.3.LTS\lib\rtsv7M4_T_le_v4SPD16_eabi.lib
       memcpy_t2.obj                  156     0         0      
       memset_t2.obj                  122     0         0      
       autoinit.obj                   112     0         0      
       copy_decompress_rle.obj        112     0         0      
       exit.obj                       84      0         12     
       boot.obj                       84      0         0      
       cpy_tbl.obj                    76      0         0      
       _lock.obj                      20      0         8      
       args_main.obj                  24      0         0      
       copy_decompress_none.obj       14      0         0      
       pre_init.obj                   4       0         0      
       stkdepth_vars.obj              0       0         4      
       mpu_init.obj                   2       0         0      
       startup.obj                    2       0         0      
    +--+------------------------------+-------+---------+---------+
       Total:                         812     0         24     
                                                               
       Stack:                         0       0         512    
       Linker Generated:              0       74        0      
    +--+------------------------------+-------+---------+---------+
       Grand Total:                   11444   2094      1164   


LINKER GENERATED COPY TABLES

__TI_cinit_table @ 000034dc records: 3, size/record: 8, table size: 24
	.data: load addr=000034a0, load size=00000016 bytes, run addr=2000046c, run size=00000018 bytes, compression=rle
	.vtable: load addr=000034b8, load size=0000000b bytes, run addr=20000000, run size=0000026c bytes, compression=rle
	.bss: load addr=000034c8, load size=00000009 bytes, run addr=20000484, run size=00000008 bytes, compression=rle


LINKER GENERATED HANDLER TABLE

__TI_handler_table @ 000034d4 records: 2, size/record: 4, table size: 8
	index: 0, handler: __TI_decompress_rle24
	index: 1, handler: __TI_decompress_none


GLOBAL SYMBOLS: SORTED ALPHABETICALLY BY Name 

address   name                            
-------   ----                            
00002ded  C$$EXIT                         
00002ec1  CPUbasepriGet                   
00002eb3  CPUbasepriSet                   
00002e8d  CPUcpsid                        
00002ea3  CPUcpsie                        
00002e99  CPUprimask                      
00002eaf  CPUwfi                          
00001cff  GPIOADCTriggerDisable           
00001ce1  GPIOADCTriggerEnable            
00001cc3  GPIODMATriggerDisable           
00001ca5  GPIODMATriggerEnable            
00001293  GPIODirModeGet                  
00001237  GPIODirModeSet                  
00001807  GPIOIntClear                    
000017cb  GPIOIntDisable                  
000017b1  GPIOIntEnable                   
0000181b  GPIOIntRegister                 
000017e5  GPIOIntStatus                   
00001383  GPIOIntTypeGet                  
000012df  GPIOIntTypeSet                  
00001839  GPIOIntUnregister               
0000165f  GPIOPadConfigGet                
00001421  GPIOPadConfigSet                
00001c47  GPIOPinConfigure                
00001853  GPIOPinRead                     
0000188b  GPIOPinTypeADC                  
000018af  GPIOPinTypeCAN                  
000018d3  GPIOPinTypeComparator           
000018f7  GPIOPinTypeComparatorOutput     
0000191b  GPIOPinTypeDIVSCLK              
0000193f  GPIOPinTypeEPI                  
00001963  GPIOPinTypeEthernetLED          
00001987  GPIOPinTypeEthernetMII          
000019ab  GPIOPinTypeGPIOInput            
000019cf  GPIOPinTypeGPIOOutput           
000019f3  GPIOPinTypeGPIOOutputOD         
00001a17  GPIOPinTypeHibernateRTCCLK      
00001a3b  GPIOPinTypeI2C                  
00001a5f  GPIOPinTypeI2CSCL               
00001a83  GPIOPinTypeLCD                  
00001aa7  GPIOPinTypeOneWire              
00001acb  GPIOPinTypePWM                  
00001aef  GPIOPinTypeQEI                  
00001b13  GPIOPinTypeSSI                  
00001b37  GPIOPinTypeTimer                
00001b5b  GPIOPinTypeTrace                
00001b7f  GPIOPinTypeUART                 
00001ba3  GPIOPinTypeUSBAnalog            
00001bc7  GPIOPinTypeUSBDigital           
00001beb  GPIOPinTypeWakeHigh             
00001c11  GPIOPinTypeWakeLow              
00001c37  GPIOPinWakeStatus               
0000186b  GPIOPinWrite                    
000025fd  IntDisable                      
0000258b  IntEnable                       
0000266f  IntIsEnabled                    
0000244f  IntMasterDisable                
0000243f  IntMasterEnable                 
00002765  IntPendClear                    
000026f5  IntPendSet                      
00002567  IntPriorityGet                  
000024df  IntPriorityGroupingGet          
000024c5  IntPriorityGroupingSet          
000027bf  IntPriorityMaskGet              
000027b3  IntPriorityMaskSet              
00002517  IntPrioritySet                  
0000245f  IntRegister                     
000027c7  IntTrigger                      
000024b1  IntUnregister                   
0000239f  PWMClockGet                     
0000237f  PWMClockSet                     
00001ec9  PWMDeadBandDisable              
00001e91  PWMDeadBandEnable               
00002245  PWMFaultIntClear                
00002277  PWMFaultIntClearExt             
0000215f  PWMFaultIntRegister             
0000217d  PWMFaultIntUnregister           
00001d25  PWMGenConfigure                 
00001de3  PWMGenDisable                   
00001dc9  PWMGenEnable                    
00002349  PWMGenFaultClear                
00002295  PWMGenFaultConfigure            
00002313  PWMGenFaultStatus               
000022ef  PWMGenFaultTriggerGet           
000022c5  PWMGenFaultTriggerSet           
000021fd  PWMGenIntClear                  
000020d1  PWMGenIntRegister               
000021d3  PWMGenIntStatus                 
000021b5  PWMGenIntTrigDisable            
00002197  PWMGenIntTrigEnable             
000020f9  PWMGenIntUnregister             
00001d9f  PWMGenPeriodGet                 
00001d6f  PWMGenPeriodSet                 
0000222d  PWMIntDisable                   
00002215  PWMIntEnable                    
00002257  PWMIntStatus                    
00001f9f  PWMOutputFault                  
00001f6d  PWMOutputFaultLevel             
00001f3b  PWMOutputInvert                 
00001f09  PWMOutputState                  
000023c9  PWMOutputUpdateMode             
00001e47  PWMPulseWidthGet                
00001dfd  PWMPulseWidthSet                
00001ef7  PWMSyncTimeBase                 
00001ee5  PWMSyncUpdate                   
00002825  QEIConfigure                    
00002869  QEIDirectionGet                 
00002811  QEIDisable                      
000027fd  QEIEnable                       
00002883  QEIErrorGet                     
000028c9  QEIFilterConfigure              
000028b5  QEIFilterDisable                
000028a1  QEIFilterEnable                 
00002a1b  QEIIntClear                     
000029e5  QEIIntDisable                   
000029cd  QEIIntEnable                    
00002995  QEIIntRegister                  
000029fd  QEIIntStatus                    
000029b3  QEIIntUnregister                
00002849  QEIPositionGet                  
00002857  QEIPositionSet                  
0000290d  QEIVelocityConfigure            
000028f9  QEIVelocityDisable              
000028e5  QEIVelocityEnable               
00002933  QEIVelocityGet                  
00002f07  ResetISR                        
UNDEFED   SHT$$INIT_ARRAY$$Base           
UNDEFED   SHT$$INIT_ARRAY$$Limit          
00001191  SysCtlAltClkConfig              
000008d9  SysCtlClockFreqSet              
00000d7d  SysCtlClockGet                  
00001175  SysCtlClockOutConfig            
00000bad  SysCtlClockSet                  
000007d9  SysCtlDeepSleep                 
00000f45  SysCtlDeepSleepClockConfigSet   
00000f29  SysCtlDeepSleepClockSet         
000007b9  SysCtlDeepSleepPowerSet         
00002f13  SysCtlDelay                     
00000365  SysCtlFlashSectorSizeGet        
00000339  SysCtlFlashSizeGet              
0000101b  SysCtlGPIOAHBDisable            
00000fff  SysCtlGPIOAHBEnable             
0000074d  SysCtlIntClear                  
00000735  SysCtlIntDisable                
00000721  SysCtlIntEnable                 
000006f9  SysCtlIntRegister               
0000075d  SysCtlIntStatus                 
00000711  SysCtlIntUnregister             
0000079f  SysCtlLDODeepSleepGet           
0000078f  SysCtlLDODeepSleepSet           
00000789  SysCtlLDOSleepGet               
00000779  SysCtlLDOSleepSet               
0000080f  SysCtlMOSCConfigSet             
00001159  SysCtlNMIClear                  
00001149  SysCtlNMIStatus                 
00000825  SysCtlPIOSCCalibrate            
00000fe9  SysCtlPWMClockGet               
00000fcf  SysCtlPWMClockSet               
000006a5  SysCtlPeripheralClockGating     
0000065d  SysCtlPeripheralDeepSleepDisable
0000060d  SysCtlPeripheralDeepSleepEnable 
00000549  SysCtlPeripheralDisable         
0000050d  SysCtlPeripheralEnable          
00000449  SysCtlPeripheralPowerOff        
0000040d  SysCtlPeripheralPowerOn         
0000038d  SysCtlPeripheralPresent         
000003cd  SysCtlPeripheralReady           
00000485  SysCtlPeripheralReset           
000005d1  SysCtlPeripheralSleepDisable    
0000058d  SysCtlPeripheralSleepEnable     
000007c9  SysCtlReset                     
00000885  SysCtlResetBehaviorGet          
00000875  SysCtlResetBehaviorSet          
000007fb  SysCtlResetCauseClear           
000007f5  SysCtlResetCauseGet             
0000032f  SysCtlSRAMSizeGet               
000007d1  SysCtlSleep                     
000007a5  SysCtlSleepPowerSet             
00001043  SysCtlUSBPLLDisable             
00001037  SysCtlUSBPLLEnable              
00001089  SysCtlVCOGet                    
00001075  SysCtlVoltageEventClear         
00001055  SysCtlVoltageEventConfig        
00001069  SysCtlVoltageEventStatus        
2000046c  __STACK_END                     
00000200  __STACK_SIZE                    
2000046c  __STACK_TOP                     
000034dc  __TI_CINIT_Base                 
000034f4  __TI_CINIT_Limit                
000034d4  __TI_Handler_Table_Base         
000034dc  __TI_Handler_Table_Limit        
00002cbd  __TI_auto_init                  
2000046c  __TI_cleanup_ptr                
00002ef9  __TI_decompress_none            
00002f19  __TI_decompress_rle24           
20000470  __TI_dtors_ptr                  
20000474  __TI_enable_exit_profile_output 
ffffffff  __TI_pprof_out_hndl             
ffffffff  __TI_prof_data_size             
ffffffff  __TI_prof_data_start            
00000000  __TI_static_base__              
00002c41  __aeabi_memclr                  
00002c41  __aeabi_memclr4                 
00002c41  __aeabi_memclr8                 
00002ba5  __aeabi_memcpy                  
00002ba5  __aeabi_memcpy4                 
00002ba5  __aeabi_memcpy8                 
00002c43  __aeabi_memset                  
00002c43  __aeabi_memset4                 
00002c43  __aeabi_memset8                 
ffffffff  __binit__                       
ffffffff  __c_args__                      
00002cbb  __mpu_init                      
2000026c  __stack                         
00002ecd  _args_main                      
00002d99  _c_int00                        
20000478  _lock                           
00002ef3  _nop                            
00002eeb  _register_lock                  
00002ee5  _register_unlock                
00002d97  _system_post_cinit              
00002f1f  _system_pre_init                
2000047c  _unlock                         
00002df1  abort                           
ffffffff  binit                           
00002e41  copy_in                         
00002df9  exit                            
20000000  g_pfnRAMVectors                 
00000000  g_pfnVectors                    
00002a4f  init_pwm                        
00002abb  init_quadrature                 
00002a41  main                            
20000480  main_func_sp                    
00002ba5  memcpy                          
00002c49  memset                          
20000484  qeiDirection                    
20000488  qeiPosition                     


GLOBAL SYMBOLS: SORTED BY Symbol Address 

address   name                            
-------   ----                            
00000000  __TI_static_base__              
00000000  g_pfnVectors                    
00000200  __STACK_SIZE                    
0000032f  SysCtlSRAMSizeGet               
00000339  SysCtlFlashSizeGet              
00000365  SysCtlFlashSectorSizeGet        
0000038d  SysCtlPeripheralPresent         
000003cd  SysCtlPeripheralReady           
0000040d  SysCtlPeripheralPowerOn         
00000449  SysCtlPeripheralPowerOff        
00000485  SysCtlPeripheralReset           
0000050d  SysCtlPeripheralEnable          
00000549  SysCtlPeripheralDisable         
0000058d  SysCtlPeripheralSleepEnable     
000005d1  SysCtlPeripheralSleepDisable    
0000060d  SysCtlPeripheralDeepSleepEnable 
0000065d  SysCtlPeripheralDeepSleepDisable
000006a5  SysCtlPeripheralClockGating     
000006f9  SysCtlIntRegister               
00000711  SysCtlIntUnregister             
00000721  SysCtlIntEnable                 
00000735  SysCtlIntDisable                
0000074d  SysCtlIntClear                  
0000075d  SysCtlIntStatus                 
00000779  SysCtlLDOSleepSet               
00000789  SysCtlLDOSleepGet               
0000078f  SysCtlLDODeepSleepSet           
0000079f  SysCtlLDODeepSleepGet           
000007a5  SysCtlSleepPowerSet             
000007b9  SysCtlDeepSleepPowerSet         
000007c9  SysCtlReset                     
000007d1  SysCtlSleep                     
000007d9  SysCtlDeepSleep                 
000007f5  SysCtlResetCauseGet             
000007fb  SysCtlResetCauseClear           
0000080f  SysCtlMOSCConfigSet             
00000825  SysCtlPIOSCCalibrate            
00000875  SysCtlResetBehaviorSet          
00000885  SysCtlResetBehaviorGet          
000008d9  SysCtlClockFreqSet              
00000bad  SysCtlClockSet                  
00000d7d  SysCtlClockGet                  
00000f29  SysCtlDeepSleepClockSet         
00000f45  SysCtlDeepSleepClockConfigSet   
00000fcf  SysCtlPWMClockSet               
00000fe9  SysCtlPWMClockGet               
00000fff  SysCtlGPIOAHBEnable             
0000101b  SysCtlGPIOAHBDisable            
00001037  SysCtlUSBPLLEnable              
00001043  SysCtlUSBPLLDisable             
00001055  SysCtlVoltageEventConfig        
00001069  SysCtlVoltageEventStatus        
00001075  SysCtlVoltageEventClear         
00001089  SysCtlVCOGet                    
00001149  SysCtlNMIStatus                 
00001159  SysCtlNMIClear                  
00001175  SysCtlClockOutConfig            
00001191  SysCtlAltClkConfig              
00001237  GPIODirModeSet                  
00001293  GPIODirModeGet                  
000012df  GPIOIntTypeSet                  
00001383  GPIOIntTypeGet                  
00001421  GPIOPadConfigSet                
0000165f  GPIOPadConfigGet                
000017b1  GPIOIntEnable                   
000017cb  GPIOIntDisable                  
000017e5  GPIOIntStatus                   
00001807  GPIOIntClear                    
0000181b  GPIOIntRegister                 
00001839  GPIOIntUnregister               
00001853  GPIOPinRead                     
0000186b  GPIOPinWrite                    
0000188b  GPIOPinTypeADC                  
000018af  GPIOPinTypeCAN                  
000018d3  GPIOPinTypeComparator           
000018f7  GPIOPinTypeComparatorOutput     
0000191b  GPIOPinTypeDIVSCLK              
0000193f  GPIOPinTypeEPI                  
00001963  GPIOPinTypeEthernetLED          
00001987  GPIOPinTypeEthernetMII          
000019ab  GPIOPinTypeGPIOInput            
000019cf  GPIOPinTypeGPIOOutput           
000019f3  GPIOPinTypeGPIOOutputOD         
00001a17  GPIOPinTypeHibernateRTCCLK      
00001a3b  GPIOPinTypeI2C                  
00001a5f  GPIOPinTypeI2CSCL               
00001a83  GPIOPinTypeLCD                  
00001aa7  GPIOPinTypeOneWire              
00001acb  GPIOPinTypePWM                  
00001aef  GPIOPinTypeQEI                  
00001b13  GPIOPinTypeSSI                  
00001b37  GPIOPinTypeTimer                
00001b5b  GPIOPinTypeTrace                
00001b7f  GPIOPinTypeUART                 
00001ba3  GPIOPinTypeUSBAnalog            
00001bc7  GPIOPinTypeUSBDigital           
00001beb  GPIOPinTypeWakeHigh             
00001c11  GPIOPinTypeWakeLow              
00001c37  GPIOPinWakeStatus               
00001c47  GPIOPinConfigure                
00001ca5  GPIODMATriggerEnable            
00001cc3  GPIODMATriggerDisable           
00001ce1  GPIOADCTriggerEnable            
00001cff  GPIOADCTriggerDisable           
00001d25  PWMGenConfigure                 
00001d6f  PWMGenPeriodSet                 
00001d9f  PWMGenPeriodGet                 
00001dc9  PWMGenEnable                    
00001de3  PWMGenDisable                   
00001dfd  PWMPulseWidthSet                
00001e47  PWMPulseWidthGet                
00001e91  PWMDeadBandEnable               
00001ec9  PWMDeadBandDisable              
00001ee5  PWMSyncUpdate                   
00001ef7  PWMSyncTimeBase                 
00001f09  PWMOutputState                  
00001f3b  PWMOutputInvert                 
00001f6d  PWMOutputFaultLevel             
00001f9f  PWMOutputFault                  
000020d1  PWMGenIntRegister               
000020f9  PWMGenIntUnregister             
0000215f  PWMFaultIntRegister             
0000217d  PWMFaultIntUnregister           
00002197  PWMGenIntTrigEnable             
000021b5  PWMGenIntTrigDisable            
000021d3  PWMGenIntStatus                 
000021fd  PWMGenIntClear                  
00002215  PWMIntEnable                    
0000222d  PWMIntDisable                   
00002245  PWMFaultIntClear                
00002257  PWMIntStatus                    
00002277  PWMFaultIntClearExt             
00002295  PWMGenFaultConfigure            
000022c5  PWMGenFaultTriggerSet           
000022ef  PWMGenFaultTriggerGet           
00002313  PWMGenFaultStatus               
00002349  PWMGenFaultClear                
0000237f  PWMClockSet                     
0000239f  PWMClockGet                     
000023c9  PWMOutputUpdateMode             
0000243f  IntMasterEnable                 
0000244f  IntMasterDisable                
0000245f  IntRegister                     
000024b1  IntUnregister                   
000024c5  IntPriorityGroupingSet          
000024df  IntPriorityGroupingGet          
00002517  IntPrioritySet                  
00002567  IntPriorityGet                  
0000258b  IntEnable                       
000025fd  IntDisable                      
0000266f  IntIsEnabled                    
000026f5  IntPendSet                      
00002765  IntPendClear                    
000027b3  IntPriorityMaskSet              
000027bf  IntPriorityMaskGet              
000027c7  IntTrigger                      
000027fd  QEIEnable                       
00002811  QEIDisable                      
00002825  QEIConfigure                    
00002849  QEIPositionGet                  
00002857  QEIPositionSet                  
00002869  QEIDirectionGet                 
00002883  QEIErrorGet                     
000028a1  QEIFilterEnable                 
000028b5  QEIFilterDisable                
000028c9  QEIFilterConfigure              
000028e5  QEIVelocityEnable               
000028f9  QEIVelocityDisable              
0000290d  QEIVelocityConfigure            
00002933  QEIVelocityGet                  
00002995  QEIIntRegister                  
000029b3  QEIIntUnregister                
000029cd  QEIIntEnable                    
000029e5  QEIIntDisable                   
000029fd  QEIIntStatus                    
00002a1b  QEIIntClear                     
00002a41  main                            
00002a4f  init_pwm                        
00002abb  init_quadrature                 
00002ba5  __aeabi_memcpy                  
00002ba5  __aeabi_memcpy4                 
00002ba5  __aeabi_memcpy8                 
00002ba5  memcpy                          
00002c41  __aeabi_memclr                  
00002c41  __aeabi_memclr4                 
00002c41  __aeabi_memclr8                 
00002c43  __aeabi_memset                  
00002c43  __aeabi_memset4                 
00002c43  __aeabi_memset8                 
00002c49  memset                          
00002cbb  __mpu_init                      
00002cbd  __TI_auto_init                  
00002d97  _system_post_cinit              
00002d99  _c_int00                        
00002ded  C$$EXIT                         
00002df1  abort                           
00002df9  exit                            
00002e41  copy_in                         
00002e8d  CPUcpsid                        
00002e99  CPUprimask                      
00002ea3  CPUcpsie                        
00002eaf  CPUwfi                          
00002eb3  CPUbasepriSet                   
00002ec1  CPUbasepriGet                   
00002ecd  _args_main                      
00002ee5  _register_unlock                
00002eeb  _register_lock                  
00002ef3  _nop                            
00002ef9  __TI_decompress_none            
00002f07  ResetISR                        
00002f13  SysCtlDelay                     
00002f19  __TI_decompress_rle24           
00002f1f  _system_pre_init                
000034d4  __TI_Handler_Table_Base         
000034dc  __TI_CINIT_Base                 
000034dc  __TI_Handler_Table_Limit        
000034f4  __TI_CINIT_Limit                
20000000  g_pfnRAMVectors                 
2000026c  __stack                         
2000046c  __STACK_END                     
2000046c  __STACK_TOP                     
2000046c  __TI_cleanup_ptr                
20000470  __TI_dtors_ptr                  
20000474  __TI_enable_exit_profile_output 
20000478  _lock                           
2000047c  _unlock                         
20000480  main_func_sp                    
20000484  qeiDirection                    
20000488  qeiPosition                     
ffffffff  __TI_pprof_out_hndl             
ffffffff  __TI_prof_data_size             
ffffffff  __TI_prof_data_start            
ffffffff  __binit__                       
ffffffff  __c_args__                      
ffffffff  binit                           
UNDEFED   SHT$$INIT_ARRAY$$Base           
UNDEFED   SHT$$INIT_ARRAY$$Limit          

[237 symbols]
